2026-09-15T09:12:33.619+02:00  INFO 25488 --- [facturacion360] [restartedMain] e.x.f.Facturacion360Application          : Starting Facturacion360Application using Java 21.0.10 with PID 25488 (C:\Users\UsuarioM.XTALENTO121.000\git\FACTURACION2\facturacion360\target\classes started by UsuarioM in C:\Users\UsuarioM.XTALENTO121.000\git\FACTURACION2\facturacion360)
2026-09-15T09:12:33.622+02:00 DEBUG 25488 --- [facturacion360] [restartedMain] e.x.f.Facturacion360Application          : Running with Spring Boot v4.1.0, Spring v7.0.8
2026-09-15T09:12:33.623+02:00  INFO 25488 --- [facturacion360] [restartedMain] e.x.f.Facturacion360Application          : No active profile set, falling back to 1 default profile: "default"
2026-09-15T09:12:33.651+02:00  INFO 25488 --- [facturacion360] [restartedMain] .e.DevToolsPropertyDefaultsPostProcessor : Devtools property defaults active! Set 'spring.devtools.add-properties' to 'false' to disable
2026-09-15T09:12:33.651+02:00  INFO 25488 --- [facturacion360] [restartedMain] .e.DevToolsPropertyDefaultsPostProcessor : For additional web related logging consider setting the 'logging.level.web' property to 'DEBUG'
2026-09-15T09:12:34.429+02:00  INFO 25488 --- [facturacion360] [restartedMain] o.s.boot.tomcat.TomcatWebServer          : Tomcat initialized with port 8080 (http)
2026-09-15T09:12:34.441+02:00  INFO 25488 --- [facturacion360] [restartedMain] o.apache.catalina.core.StandardService   : Starting service [Tomcat]
2026-09-15T09:12:34.442+02:00  INFO 25488 --- [facturacion360] [restartedMain] o.apache.catalina.core.StandardEngine    : Starting Servlet engine: [Apache Tomcat/11.0.22]
2026-09-15T09:12:34.474+02:00  INFO 25488 --- [facturacion360] [restartedMain] b.w.c.s.WebApplicationContextInitializer : Root WebApplicationContext: initialization completed in 822 ms
2026-09-15T09:12:34.690+02:00  INFO 25488 --- [facturacion360] [restartedMain] o.s.b.w.a.WelcomePageHandlerMapping      : Adding welcome page: class path resource [static/index.html]
2026-09-15T09:12:34.981+02:00  INFO 25488 --- [facturacion360] [restartedMain] o.s.boot.tomcat.TomcatWebServer          : Tomcat started on port 8080 (http) with context path '/'
2026-09-15T09:12:34.986+02:00  INFO 25488 --- [facturacion360] [restartedMain] e.x.f.Facturacion360Application          : Started Facturacion360Application in 1.666 seconds (process running for 2.061)
2026-09-15T09:12:34.988+02:00  WARN 25488 --- [facturacion360] [restartedMain] o.s.core.events.SpringDocAppInitializer  : SpringDoc /v3/api-docs endpoint is enabled by default. To disable it in production, set the property 'springdoc.api-docs.enabled=false'
2026-09-15T09:12:34.988+02:00  WARN 25488 --- [facturacion360] [restartedMain] o.s.core.events.SpringDocAppInitializer  : SpringDoc /swagger-ui.html endpoint is enabled by default. To disable it in production, set the property 'springdoc.swagger-ui.enabled=false'
2026-09-15T09:13:02.298+02:00  INFO 25488 --- [facturacion360] [http-nio-8080-exec-1] o.a.c.c.C.[Tomcat].[localhost].[/]       : Initializing Spring DispatcherServlet 'dispatcherServlet'
2026-09-15T09:13:02.298+02:00  INFO 25488 --- [facturacion360] [http-nio-8080-exec-1] o.s.web.servlet.DispatcherServlet        : Initializing Servlet 'dispatcherServlet'
2026-09-15T09:13:02.300+02:00  INFO 25488 --- [facturacion360] [http-nio-8080-exec-1] o.s.web.servlet.DispatcherServlet        : Completed initialization in 1 ms
2026-09-15T09:13:05.990+02:00  INFO 25488 --- [facturacion360] [http-nio-8080-exec-1] e.x.f.controller.ClienteController       : GET /cliente/provincias
2026-09-15T09:13:05.992+02:00 DEBUG 25488 --- [facturacion360] [http-nio-8080-exec-1] o.s.jdbc.core.JdbcTemplate               : Executing SQL query [SELECT DISTINCT provincia FROM clientes WHERE provincia IS NOT NULL AND provincia <> '' ORDER BY provincia]
2026-09-15T09:13:05.995+02:00  INFO 25488 --- [facturacion360] [http-nio-8080-exec-2] e.x.f.controller.ClienteController       : GET /cliente/poblaciones?provincia=null
2026-09-15T09:13:05.995+02:00  INFO 25488 --- [facturacion360] [http-nio-8080-exec-1] com.zaxxer.hikari.HikariDataSource       : HikariPool-1 - Starting...
2026-09-15T09:13:05.996+02:00 DEBUG 25488 --- [facturacion360] [http-nio-8080-exec-2] o.s.jdbc.core.JdbcTemplate               : Executing prepared SQL query
2026-09-15T09:13:05.997+02:00 DEBUG 25488 --- [facturacion360] [http-nio-8080-exec-2] o.s.jdbc.core.JdbcTemplate               : Executing prepared SQL statement [SELECT DISTINCT poblacion FROM clientes WHERE poblacion IS NOT NULL AND poblacion <> '' ORDER BY poblacion]
2026-09-15T09:13:06.052+02:00  INFO 25488 --- [facturacion360] [http-nio-8080-exec-3] e.x.f.controller.ClienteController       : GET /cliente/listar-pagina -> CriteriosCliente[pagina=0, tamano=10, busqueda=null, provincia=null, poblacion=null, ordenarPor=fecha_alta, direccion=desc]
2026-09-15T09:13:06.353+02:00  INFO 25488 --- [facturacion360] [http-nio-8080-exec-1] com.zaxxer.hikari.pool.HikariPool        : HikariPool-1 - Added connection com.mysql.cj.jdbc.ConnectionImpl@41a69b67
2026-09-15T09:13:06.355+02:00  INFO 25488 --- [facturacion360] [http-nio-8080-exec-1] com.zaxxer.hikari.HikariDataSource       : HikariPool-1 - Start completed.
2026-09-15T09:13:06.406+02:00 DEBUG 25488 --- [facturacion360] [http-nio-8080-exec-2] e.x.f.r.ClienteRepositoryJdbcImpl        : findPoblaciones(provincia=null) -> 5 poblaciones
2026-09-15T09:13:06.406+02:00 DEBUG 25488 --- [facturacion360] [http-nio-8080-exec-1] e.x.f.r.ClienteRepositoryJdbcImpl        : findProvincias() -> 5 provincias
2026-09-15T09:13:06.407+02:00  INFO 25488 --- [facturacion360] [http-nio-8080-exec-2] e.x.f.service.ClienteServiceImpl         : listarPoblaciones(provincia=null) -> 5 poblaciones
2026-09-15T09:13:06.407+02:00  INFO 25488 --- [facturacion360] [http-nio-8080-exec-1] e.x.f.service.ClienteServiceImpl         : listarProvincias() -> 5 provincias
2026-09-15T09:13:06.412+02:00 DEBUG 25488 --- [facturacion360] [http-nio-8080-exec-3] o.s.jdbc.core.JdbcTemplate               : Executing prepared SQL query
2026-09-15T09:13:06.412+02:00 DEBUG 25488 --- [facturacion360] [http-nio-8080-exec-3] o.s.jdbc.core.JdbcTemplate               : Executing prepared SQL statement [SELECT idcliente, nombre, nif_cif, direccion, codigopostal, poblacion, provincia, telefono, email, fecha_alta FROM clientes ORDER BY fecha_alta IS NULL, fecha_alta DESC, idcliente DESC LIMIT ? OFFSET ?]
2026-09-15T09:13:06.417+02:00 DEBUG 25488 --- [facturacion360] [http-nio-8080-exec-3] e.x.f.r.ClienteRepositoryJdbcImpl        : findPagina(CriteriosCliente[pagina=0, tamano=10, busqueda=null, provincia=null, poblacion=null, ordenarPor=fecha_alta, direccion=desc]) -> 5 filas
2026-09-15T09:13:06.417+02:00 DEBUG 25488 --- [facturacion360] [http-nio-8080-exec-3] o.s.jdbc.core.JdbcTemplate               : Executing prepared SQL query
2026-09-15T09:13:06.418+02:00 DEBUG 25488 --- [facturacion360] [http-nio-8080-exec-3] o.s.jdbc.core.JdbcTemplate               : Executing prepared SQL statement [SELECT COUNT(*) FROM clientes]
2026-09-15T09:13:06.421+02:00  INFO 25488 --- [facturacion360] [http-nio-8080-exec-3] e.x.f.service.ClienteServiceImpl         : listarPagina(CriteriosCliente[pagina=0, tamano=10, busqueda=null, provincia=null, poblacion=null, ordenarPor=fecha_alta, direccion=desc]) -> pagina 1/1, 5 elementos
2026-09-15T09:13:10.176+02:00  INFO 25488 --- [facturacion360] [http-nio-8080-exec-8] e.x.f.controller.ClienteController       : GET /cliente/listar-ultimos?limite=100 (acotado a 100)
2026-09-15T09:13:10.175+02:00 DEBUG 25488 --- [facturacion360] [http-nio-8080-exec-10] o.s.jdbc.core.JdbcTemplate               : Executing SQL query [SELECT f.idfactura, f.idcliente, c.nombre AS nombre_cliente, f.num_factura, f.fecha_emision, f.estado, f.observaciones, f.subtotal, f.importe_iva, f.total FROM facturas f INNER JOIN clientes c ON f.idcliente = c.idcliente ORDER BY f.fecha_emision DESC, f.idfactura DESC]
2026-09-15T09:13:10.176+02:00 DEBUG 25488 --- [facturacion360] [http-nio-8080-exec-8] o.s.jdbc.core.JdbcTemplate               : Executing prepared SQL query
2026-09-15T09:13:10.176+02:00 DEBUG 25488 --- [facturacion360] [http-nio-8080-exec-8] o.s.jdbc.core.JdbcTemplate               : Executing prepared SQL statement [SELECT idcliente, nombre, nif_cif, direccion, codigopostal, poblacion, provincia, telefono, email, fecha_alta FROM clientes ORDER BY idcliente DESC LIMIT ?]
2026-09-15T09:13:10.178+02:00 DEBUG 25488 --- [facturacion360] [http-nio-8080-exec-8] e.x.f.r.ClienteRepositoryJdbcImpl        : findUltimos(100) -> 5 filas
2026-09-15T09:13:10.179+02:00  INFO 25488 --- [facturacion360] [http-nio-8080-exec-8] e.x.f.service.ClienteServiceImpl         : listarUltimos(100) -> 5 clientes
2026-09-15T09:13:10.179+02:00  INFO 25488 --- [facturacion360] [http-nio-8080-exec-8] e.x.f.controller.ClienteController       : listar-ultimos devuelve 5 clientes
2026-09-15T09:13:10.186+02:00 DEBUG 25488 --- [facturacion360] [http-nio-8080-exec-10] e.x.f.r.FacturaRepositoryJdbcImpl        : buscar() devuelve 8 facturas
2026-09-15T09:13:25.493+02:00  INFO 25488 --- [facturacion360] [http-nio-8080-exec-5] e.x.f.controller.ClienteController       : GET /cliente/provincias
2026-09-15T09:13:25.493+02:00  INFO 25488 --- [facturacion360] [http-nio-8080-exec-8] e.x.f.controller.ClienteController       : GET /cliente/poblaciones?provincia=null
2026-09-15T09:13:25.493+02:00 DEBUG 25488 --- [facturacion360] [http-nio-8080-exec-5] o.s.jdbc.core.JdbcTemplate               : Executing SQL query [SELECT DISTINCT provincia FROM clientes WHERE provincia IS NOT NULL AND provincia <> '' ORDER BY provincia]
2026-09-15T09:13:25.493+02:00 DEBUG 25488 --- [facturacion360] [http-nio-8080-exec-8] o.s.jdbc.core.JdbcTemplate               : Executing prepared SQL query
2026-09-15T09:13:25.493+02:00 DEBUG 25488 --- [facturacion360] [http-nio-8080-exec-8] o.s.jdbc.core.JdbcTemplate               : Executing prepared SQL statement [SELECT DISTINCT poblacion FROM clientes WHERE poblacion IS NOT NULL AND poblacion <> '' ORDER BY poblacion]
2026-09-15T09:13:25.494+02:00  INFO 25488 --- [facturacion360] [http-nio-8080-exec-10] e.x.f.controller.ClienteController       : GET /cliente/listar-pagina -> CriteriosCliente[pagina=0, tamano=10, busqueda=null, provincia=null, poblacion=null, ordenarPor=fecha_alta, direccion=desc]
2026-09-15T09:13:25.495+02:00 DEBUG 25488 --- [facturacion360] [http-nio-8080-exec-8] e.x.f.r.ClienteRepositoryJdbcImpl        : findPoblaciones(provincia=null) -> 5 poblaciones
2026-09-15T09:13:25.495+02:00 DEBUG 25488 --- [facturacion360] [http-nio-8080-exec-5] e.x.f.r.ClienteRepositoryJdbcImpl        : findProvincias() -> 5 provincias
2026-09-15T09:13:25.495+02:00  INFO 25488 --- [facturacion360] [http-nio-8080-exec-8] e.x.f.service.ClienteServiceImpl         : listarPoblaciones(provincia=null) -> 5 poblaciones
2026-09-15T09:13:25.495+02:00  INFO 25488 --- [facturacion360] [http-nio-8080-exec-5] e.x.f.service.ClienteServiceImpl         : listarProvincias() -> 5 provincias
2026-09-15T09:13:25.495+02:00 DEBUG 25488 --- [facturacion360] [http-nio-8080-exec-10] o.s.jdbc.core.JdbcTemplate               : Executing prepared SQL query
2026-09-15T09:13:25.495+02:00 DEBUG 25488 --- [facturacion360] [http-nio-8080-exec-10] o.s.jdbc.core.JdbcTemplate               : Executing prepared SQL statement [SELECT idcliente, nombre, nif_cif, direccion, codigopostal, poblacion, provincia, telefono, email, fecha_alta FROM clientes ORDER BY fecha_alta IS NULL, fecha_alta DESC, idcliente DESC LIMIT ? OFFSET ?]
2026-09-15T09:13:25.497+02:00 DEBUG 25488 --- [facturacion360] [http-nio-8080-exec-10] e.x.f.r.ClienteRepositoryJdbcImpl        : findPagina(CriteriosCliente[pagina=0, tamano=10, busqueda=null, provincia=null, poblacion=null, ordenarPor=fecha_alta, direccion=desc]) -> 5 filas
2026-09-15T09:13:25.498+02:00 DEBUG 25488 --- [facturacion360] [http-nio-8080-exec-10] o.s.jdbc.core.JdbcTemplate               : Executing prepared SQL query
2026-09-15T09:13:25.498+02:00 DEBUG 25488 --- [facturacion360] [http-nio-8080-exec-10] o.s.jdbc.core.JdbcTemplate               : Executing prepared SQL statement [SELECT COUNT(*) FROM clientes]
2026-09-15T09:13:25.499+02:00  INFO 25488 --- [facturacion360] [http-nio-8080-exec-10] e.x.f.service.ClienteServiceImpl         : listarPagina(CriteriosCliente[pagina=0, tamano=10, busqueda=null, provincia=null, poblacion=null, ordenarPor=fecha_alta, direccion=desc]) -> pagina 1/1, 5 elementos
2026-09-15T09:20:26.140+02:00  INFO 25488 --- [facturacion360] [http-nio-8080-exec-9] e.x.f.controller.ClienteController       : GET /cliente/poblaciones?provincia=null
2026-09-15T09:20:26.140+02:00  INFO 25488 --- [facturacion360] [http-nio-8080-exec-8] e.x.f.controller.ClienteController       : GET /cliente/provincias
2026-09-15T09:20:26.140+02:00 DEBUG 25488 --- [facturacion360] [http-nio-8080-exec-9] o.s.jdbc.core.JdbcTemplate               : Executing prepared SQL query
2026-09-15T09:20:26.140+02:00 DEBUG 25488 --- [facturacion360] [http-nio-8080-exec-8] o.s.jdbc.core.JdbcTemplate               : Executing SQL query [SELECT DISTINCT provincia FROM clientes WHERE provincia IS NOT NULL AND provincia <> '' ORDER BY provincia]
2026-09-15T09:20:26.140+02:00 DEBUG 25488 --- [facturacion360] [http-nio-8080-exec-9] o.s.jdbc.core.JdbcTemplate               : Executing prepared SQL statement [SELECT DISTINCT poblacion FROM clientes WHERE poblacion IS NOT NULL AND poblacion <> '' ORDER BY poblacion]
2026-09-15T09:20:26.142+02:00 DEBUG 25488 --- [facturacion360] [http-nio-8080-exec-9] e.x.f.r.ClienteRepositoryJdbcImpl        : findPoblaciones(provincia=null) -> 5 poblaciones
2026-09-15T09:20:26.142+02:00 DEBUG 25488 --- [facturacion360] [http-nio-8080-exec-8] e.x.f.r.ClienteRepositoryJdbcImpl        : findProvincias() -> 5 provincias
2026-09-15T09:20:26.142+02:00  INFO 25488 --- [facturacion360] [http-nio-8080-exec-9] e.x.f.service.ClienteServiceImpl         : listarPoblaciones(provincia=null) -> 5 poblaciones
2026-09-15T09:20:26.142+02:00  INFO 25488 --- [facturacion360] [http-nio-8080-exec-8] e.x.f.service.ClienteServiceImpl         : listarProvincias() -> 5 provincias
2026-09-15T09:20:26.143+02:00  INFO 25488 --- [facturacion360] [http-nio-8080-exec-10] e.x.f.controller.ClienteController       : GET /cliente/listar-pagina -> CriteriosCliente[pagina=0, tamano=10, busqueda=null, provincia=null, poblacion=null, ordenarPor=fecha_alta, direccion=desc]
2026-09-15T09:20:26.145+02:00 DEBUG 25488 --- [facturacion360] [http-nio-8080-exec-10] o.s.jdbc.core.JdbcTemplate               : Executing prepared SQL query
2026-09-15T09:20:26.145+02:00 DEBUG 25488 --- [facturacion360] [http-nio-8080-exec-10] o.s.jdbc.core.JdbcTemplate               : Executing prepared SQL statement [SELECT idcliente, nombre, nif_cif, direccion, codigopostal, poblacion, provincia, telefono, email, fecha_alta FROM clientes ORDER BY fecha_alta IS NULL, fecha_alta DESC, idcliente DESC LIMIT ? OFFSET ?]
2026-09-15T09:20:26.146+02:00 DEBUG 25488 --- [facturacion360] [http-nio-8080-exec-10] e.x.f.r.ClienteRepositoryJdbcImpl        : findPagina(CriteriosCliente[pagina=0, tamano=10, busqueda=null, provincia=null, poblacion=null, ordenarPor=fecha_alta, direccion=desc]) -> 5 filas
2026-09-15T09:20:26.147+02:00 DEBUG 25488 --- [facturacion360] [http-nio-8080-exec-10] o.s.jdbc.core.JdbcTemplate               : Executing prepared SQL query
2026-09-15T09:20:26.147+02:00 DEBUG 25488 --- [facturacion360] [http-nio-8080-exec-10] o.s.jdbc.core.JdbcTemplate               : Executing prepared SQL statement [SELECT COUNT(*) FROM clientes]
2026-09-15T09:20:26.147+02:00  INFO 25488 --- [facturacion360] [http-nio-8080-exec-10] e.x.f.service.ClienteServiceImpl         : listarPagina(CriteriosCliente[pagina=0, tamano=10, busqueda=null, provincia=null, poblacion=null, ordenarPor=fecha_alta, direccion=desc]) -> pagina 1/1, 5 elementos
2026-09-15T09:26:04.971+02:00 DEBUG 25488 --- [facturacion360] [http-nio-8080-exec-9] o.s.jdbc.core.JdbcTemplate               : Executing SQL query [SELECT f.idfactura, f.idcliente, c.nombre AS nombre_cliente, f.num_factura, f.fecha_emision, f.estado, f.observaciones, f.subtotal, f.importe_iva, f.total FROM facturas f INNER JOIN clientes c ON f.idcliente = c.idcliente ORDER BY f.fecha_emision DESC, f.idfactura DESC]
2026-09-15T09:26:04.971+02:00  INFO 25488 --- [facturacion360] [http-nio-8080-exec-6] e.x.f.controller.ClienteController       : GET /cliente/listar-ultimos?limite=100 (acotado a 100)
2026-09-15T09:26:04.971+02:00 DEBUG 25488 --- [facturacion360] [http-nio-8080-exec-6] o.s.jdbc.core.JdbcTemplate               : Executing prepared SQL query
2026-09-15T09:26:04.971+02:00 DEBUG 25488 --- [facturacion360] [http-nio-8080-exec-6] o.s.jdbc.core.JdbcTemplate               : Executing prepared SQL statement [SELECT idcliente, nombre, nif_cif, direccion, codigopostal, poblacion, provincia, telefono, email, fecha_alta FROM clientes ORDER BY idcliente DESC LIMIT ?]
2026-09-15T09:26:04.973+02:00 DEBUG 25488 --- [facturacion360] [http-nio-8080-exec-6] e.x.f.r.ClienteRepositoryJdbcImpl        : findUltimos(100) -> 5 filas
2026-09-15T09:26:04.973+02:00  INFO 25488 --- [facturacion360] [http-nio-8080-exec-6] e.x.f.service.ClienteServiceImpl         : listarUltimos(100) -> 5 clientes
2026-09-15T09:26:04.973+02:00  INFO 25488 --- [facturacion360] [http-nio-8080-exec-6] e.x.f.controller.ClienteController       : listar-ultimos devuelve 5 clientes
2026-09-15T09:26:04.974+02:00 DEBUG 25488 --- [facturacion360] [http-nio-8080-exec-9] e.x.f.r.FacturaRepositoryJdbcImpl        : buscar() devuelve 8 facturas
2026-09-15T09:26:07.178+02:00 DEBUG 25488 --- [facturacion360] [http-nio-8080-exec-1] o.s.jdbc.core.JdbcTemplate               : Executing prepared SQL query
2026-09-15T09:26:07.178+02:00 DEBUG 25488 --- [facturacion360] [http-nio-8080-exec-1] o.s.jdbc.core.JdbcTemplate               : Executing prepared SQL statement [SELECT f.idfactura, f.idcliente, c.nombre AS nombre_cliente, f.num_factura, f.fecha_emision, f.estado, f.observaciones, f.subtotal, f.importe_iva, f.total FROM facturas f INNER JOIN clientes c ON f.idcliente = c.idcliente WHERE f.idfactura = ?]
2026-09-15T09:26:07.179+02:00 DEBUG 25488 --- [facturacion360] [http-nio-8080-exec-1] o.s.jdbc.core.JdbcTemplate               : Executing prepared SQL query
2026-09-15T09:26:07.180+02:00 DEBUG 25488 --- [facturacion360] [http-nio-8080-exec-1] o.s.jdbc.core.JdbcTemplate               : Executing prepared SQL statement [SELECT idcliente, nombre, nif_cif, direccion, codigopostal, poblacion, provincia, telefono, email FROM clientes WHERE idcliente = ?]
2026-09-15T09:26:07.181+02:00 DEBUG 25488 --- [facturacion360] [http-nio-8080-exec-1] o.s.jdbc.core.JdbcTemplate               : Executing prepared SQL query
2026-09-15T09:26:07.181+02:00 DEBUG 25488 --- [facturacion360] [http-nio-8080-exec-1] o.s.jdbc.core.JdbcTemplate               : Executing prepared SQL statement [SELECT idconcepto, descripcion, cantidad, precio_unitario, descuento, porcentaje_iva, importe_iva, base_imponible, total FROM conceptos WHERE idfactura = ? ORDER BY idconcepto]
2026-09-15T09:26:40.655+02:00 DEBUG 25488 --- [facturacion360] [http-nio-8080-exec-9] o.s.jdbc.core.JdbcTemplate               : Executing SQL query [SELECT f.idfactura, f.idcliente, c.nombre AS nombre_cliente, f.num_factura, f.fecha_emision, f.estado, f.observaciones, f.subtotal, f.importe_iva, f.total FROM facturas f INNER JOIN clientes c ON f.idcliente = c.idcliente ORDER BY f.fecha_emision DESC, f.idfactura DESC]
2026-09-15T09:26:40.655+02:00  INFO 25488 --- [facturacion360] [http-nio-8080-exec-6] e.x.f.controller.ClienteController       : GET /cliente/listar-ultimos?limite=100 (acotado a 100)
2026-09-15T09:26:40.655+02:00 DEBUG 25488 --- [facturacion360] [http-nio-8080-exec-6] o.s.jdbc.core.JdbcTemplate               : Executing prepared SQL query
2026-09-15T09:26:40.655+02:00 DEBUG 25488 --- [facturacion360] [http-nio-8080-exec-6] o.s.jdbc.core.JdbcTemplate               : Executing prepared SQL statement [SELECT idcliente, nombre, nif_cif, direccion, codigopostal, poblacion, provincia, telefono, email, fecha_alta FROM clientes ORDER BY idcliente DESC LIMIT ?]
2026-09-15T09:26:40.657+02:00 DEBUG 25488 --- [facturacion360] [http-nio-8080-exec-6] e.x.f.r.ClienteRepositoryJdbcImpl        : findUltimos(100) -> 5 filas
2026-09-15T09:26:40.657+02:00 DEBUG 25488 --- [facturacion360] [http-nio-8080-exec-9] e.x.f.r.FacturaRepositoryJdbcImpl        : buscar() devuelve 8 facturas
2026-09-15T09:26:40.657+02:00  INFO 25488 --- [facturacion360] [http-nio-8080-exec-6] e.x.f.service.ClienteServiceImpl         : listarUltimos(100) -> 5 clientes
2026-09-15T09:26:40.657+02:00  INFO 25488 --- [facturacion360] [http-nio-8080-exec-6] e.x.f.controller.ClienteController       : listar-ultimos devuelve 5 clientes
2026-09-15T09:28:07.731+02:00 DEBUG 25488 --- [facturacion360] [http-nio-8080-exec-5] o.s.jdbc.core.JdbcTemplate               : Executing prepared SQL query
2026-09-15T09:28:07.731+02:00 DEBUG 25488 --- [facturacion360] [http-nio-8080-exec-5] o.s.jdbc.core.JdbcTemplate               : Executing prepared SQL statement [SELECT f.idfactura, f.idcliente, c.nombre AS nombre_cliente, f.num_factura, f.fecha_emision, f.estado, f.observaciones, f.subtotal, f.importe_iva, f.total FROM facturas f INNER JOIN clientes c ON f.idcliente = c.idcliente WHERE f.idfactura = ?]
2026-09-15T09:28:07.732+02:00 DEBUG 25488 --- [facturacion360] [http-nio-8080-exec-5] o.s.jdbc.core.JdbcTemplate               : Executing prepared SQL query
2026-09-15T09:28:07.733+02:00 DEBUG 25488 --- [facturacion360] [http-nio-8080-exec-5] o.s.jdbc.core.JdbcTemplate               : Executing prepared SQL statement [SELECT idcliente, nombre, nif_cif, direccion, codigopostal, poblacion, provincia, telefono, email FROM clientes WHERE idcliente = ?]
2026-09-15T09:28:07.734+02:00 DEBUG 25488 --- [facturacion360] [http-nio-8080-exec-5] o.s.jdbc.core.JdbcTemplate               : Executing prepared SQL query
2026-09-15T09:28:07.734+02:00 DEBUG 25488 --- [facturacion360] [http-nio-8080-exec-5] o.s.jdbc.core.JdbcTemplate               : Executing prepared SQL statement [SELECT idconcepto, descripcion, cantidad, precio_unitario, descuento, porcentaje_iva, importe_iva, base_imponible, total FROM conceptos WHERE idfactura = ? ORDER BY idconcepto]
2026-09-15T09:34:30.556+02:00  INFO 25488 --- [facturacion360] [File Watcher] rtingClassPathChangeChangedEventListener : Restarting due to 6 class path changes (0 additions, 0 deletions, 6 modifications)
2026-09-15T09:34:30.562+02:00  INFO 25488 --- [facturacion360] [Thread-1] o.s.boot.tomcat.GracefulShutdown         : Commencing graceful shutdown. Waiting for active requests to complete
2026-09-15T09:34:30.566+02:00  INFO 25488 --- [facturacion360] [tomcat-shutdown] o.s.boot.tomcat.GracefulShutdown         : Graceful shutdown complete
2026-09-15T09:34:30.570+02:00  INFO 25488 --- [facturacion360] [Thread-1] com.zaxxer.hikari.HikariDataSource       : HikariPool-1 - Shutdown initiated...
2026-09-15T09:34:30.571+02:00  INFO 25488 --- [facturacion360] [Thread-1] com.zaxxer.hikari.HikariDataSource       : HikariPool-1 - Shutdown completed.
2026-09-15T09:34:30.709+02:00  INFO 25488 --- [facturacion360] [restartedMain] e.x.f.Facturacion360Application          : Starting Facturacion360Application using Java 21.0.10 with PID 25488 (C:\Users\UsuarioM.XTALENTO121.000\git\FACTURACION2\facturacion360\target\classes started by UsuarioM in C:\Users\UsuarioM.XTALENTO121.000\git\FACTURACION2\facturacion360)
2026-09-15T09:34:30.710+02:00 DEBUG 25488 --- [facturacion360] [restartedMain] e.x.f.Facturacion360Application          : Running with Spring Boot v4.1.0, Spring v7.0.8
2026-09-15T09:34:30.710+02:00  INFO 25488 --- [facturacion360] [restartedMain] e.x.f.Facturacion360Application          : No active profile set, falling back to 1 default profile: "default"
2026-09-15T09:34:30.992+02:00  INFO 25488 --- [facturacion360] [restartedMain] o.s.boot.tomcat.TomcatWebServer          : Tomcat initialized with port 8080 (http)
2026-09-15T09:34:30.994+02:00  INFO 25488 --- [facturacion360] [restartedMain] o.apache.catalina.core.StandardService   : Starting service [Tomcat]
2026-09-15T09:34:30.994+02:00  INFO 25488 --- [facturacion360] [restartedMain] o.apache.catalina.core.StandardEngine    : Starting Servlet engine: [Apache Tomcat/11.0.22]
2026-09-15T09:34:31.009+02:00  INFO 25488 --- [facturacion360] [restartedMain] b.w.c.s.WebApplicationContextInitializer : Root WebApplicationContext: initialization completed in 297 ms
2026-09-15T09:34:31.098+02:00  INFO 25488 --- [facturacion360] [restartedMain] o.s.b.w.a.WelcomePageHandlerMapping      : Adding welcome page: class path resource [static/index.html]
2026-09-15T09:34:31.189+02:00  INFO 25488 --- [facturacion360] [restartedMain] o.s.boot.tomcat.TomcatWebServer          : Tomcat started on port 8080 (http) with context path '/'
2026-09-15T09:34:31.193+02:00  INFO 25488 --- [facturacion360] [restartedMain] e.x.f.Facturacion360Application          : Started Facturacion360Application in 0.524 seconds (process running for 1318.268)
2026-09-15T09:34:31.194+02:00  WARN 25488 --- [facturacion360] [restartedMain] o.s.core.events.SpringDocAppInitializer  : SpringDoc /v3/api-docs endpoint is enabled by default. To disable it in production, set the property 'springdoc.api-docs.enabled=false'
2026-09-15T09:34:31.194+02:00  WARN 25488 --- [facturacion360] [restartedMain] o.s.core.events.SpringDocAppInitializer  : SpringDoc /swagger-ui.html endpoint is enabled by default. To disable it in production, set the property 'springdoc.swagger-ui.enabled=false'
2026-09-15T09:34:31.195+02:00  INFO 25488 --- [facturacion360] [restartedMain] .ConditionEvaluationDeltaLoggingListener : Condition evaluation unchanged
2026-09-15T09:34:32.625+02:00  INFO 25488 --- [facturacion360] [File Watcher] rtingClassPathChangeChangedEventListener : Restarting due to 3 class path changes (0 additions, 0 deletions, 3 modifications)
2026-09-15T09:34:32.628+02:00  INFO 25488 --- [facturacion360] [Thread-5] o.s.boot.tomcat.GracefulShutdown         : Commencing graceful shutdown. Waiting for active requests to complete
2026-09-15T09:34:32.634+02:00  INFO 25488 --- [facturacion360] [tomcat-shutdown] o.s.boot.tomcat.GracefulShutdown         : Graceful shutdown complete
2026-09-15T09:34:32.717+02:00  INFO 25488 --- [facturacion360] [restartedMain] e.x.f.Facturacion360Application          : Starting Facturacion360Application using Java 21.0.10 with PID 25488 (C:\Users\UsuarioM.XTALENTO121.000\git\FACTURACION2\facturacion360\target\classes started by UsuarioM in C:\Users\UsuarioM.XTALENTO121.000\git\FACTURACION2\facturacion360)
2026-09-15T09:34:32.717+02:00 DEBUG 25488 --- [facturacion360] [restartedMain] e.x.f.Facturacion360Application          : Running with Spring Boot v4.1.0, Spring v7.0.8
2026-09-15T09:34:32.717+02:00  INFO 25488 --- [facturacion360] [restartedMain] e.x.f.Facturacion360Application          : No active profile set, falling back to 1 default profile: "default"
2026-09-15T09:34:32.862+02:00  INFO 25488 --- [facturacion360] [restartedMain] o.s.boot.tomcat.TomcatWebServer          : Tomcat initialized with port 8080 (http)
2026-09-15T09:34:32.862+02:00  INFO 25488 --- [facturacion360] [restartedMain] o.apache.catalina.core.StandardService   : Starting service [Tomcat]
2026-09-15T09:34:32.863+02:00  INFO 25488 --- [facturacion360] [restartedMain] o.apache.catalina.core.StandardEngine    : Starting Servlet engine: [Apache Tomcat/11.0.22]
2026-09-15T09:34:32.872+02:00  INFO 25488 --- [facturacion360] [restartedMain] b.w.c.s.WebApplicationContextInitializer : Root WebApplicationContext: initialization completed in 154 ms
2026-09-15T09:34:32.923+02:00  INFO 25488 --- [facturacion360] [restartedMain] o.s.b.w.a.WelcomePageHandlerMapping      : Adding welcome page: class path resource [static/index.html]
2026-09-15T09:34:32.975+02:00  INFO 25488 --- [facturacion360] [restartedMain] o.s.boot.tomcat.TomcatWebServer          : Tomcat started on port 8080 (http) with context path '/'
2026-09-15T09:34:32.976+02:00  INFO 25488 --- [facturacion360] [restartedMain] e.x.f.Facturacion360Application          : Started Facturacion360Application in 0.277 seconds (process running for 1320.052)
2026-09-15T09:34:32.977+02:00  WARN 25488 --- [facturacion360] [restartedMain] o.s.core.events.SpringDocAppInitializer  : SpringDoc /v3/api-docs endpoint is enabled by default. To disable it in production, set the property 'springdoc.api-docs.enabled=false'
2026-09-15T09:34:32.977+02:00  WARN 25488 --- [facturacion360] [restartedMain] o.s.core.events.SpringDocAppInitializer  : SpringDoc /swagger-ui.html endpoint is enabled by default. To disable it in production, set the property 'springdoc.swagger-ui.enabled=false'
2026-09-15T09:34:32.977+02:00  INFO 25488 --- [facturacion360] [restartedMain] .ConditionEvaluationDeltaLoggingListener : Condition evaluation unchanged
2026-09-15T09:37:50.803+02:00  INFO 25488 --- [facturacion360] [File Watcher] rtingClassPathChangeChangedEventListener : Restarting due to 6 class path changes (0 additions, 0 deletions, 6 modifications)
2026-09-15T09:37:50.804+02:00  INFO 25488 --- [facturacion360] [Thread-9] o.s.boot.tomcat.GracefulShutdown         : Commencing graceful shutdown. Waiting for active requests to complete
2026-09-15T09:37:50.808+02:00  INFO 25488 --- [facturacion360] [tomcat-shutdown] o.s.boot.tomcat.GracefulShutdown         : Graceful shutdown complete
2026-09-15T09:37:50.892+02:00  INFO 25488 --- [facturacion360] [restartedMain] e.x.f.Facturacion360Application          : Starting Facturacion360Application using Java 21.0.10 with PID 25488 (C:\Users\UsuarioM.XTALENTO121.000\git\FACTURACION2\facturacion360\target\classes started by UsuarioM in C:\Users\UsuarioM.XTALENTO121.000\git\FACTURACION2\facturacion360)
2026-09-15T09:37:50.892+02:00 DEBUG 25488 --- [facturacion360] [restartedMain] e.x.f.Facturacion360Application          : Running with Spring Boot v4.1.0, Spring v7.0.8
2026-09-15T09:37:50.892+02:00  INFO 25488 --- [facturacion360] [restartedMain] e.x.f.Facturacion360Application          : No active profile set, falling back to 1 default profile: "default"
2026-09-15T09:37:51.047+02:00  INFO 25488 --- [facturacion360] [restartedMain] o.s.boot.tomcat.TomcatWebServer          : Tomcat initialized with port 8080 (http)
2026-09-15T09:37:51.049+02:00  INFO 25488 --- [facturacion360] [restartedMain] o.apache.catalina.core.StandardService   : Starting service [Tomcat]
2026-09-15T09:37:51.049+02:00  INFO 25488 --- [facturacion360] [restartedMain] o.apache.catalina.core.StandardEngine    : Starting Servlet engine: [Apache Tomcat/11.0.22]
2026-09-15T09:37:51.058+02:00  INFO 25488 --- [facturacion360] [restartedMain] b.w.c.s.WebApplicationContextInitializer : Root WebApplicationContext: initialization completed in 165 ms
2026-09-15T09:37:51.112+02:00  INFO 25488 --- [facturacion360] [restartedMain] o.s.b.w.a.WelcomePageHandlerMapping      : Adding welcome page: class path resource [static/index.html]
2026-09-15T09:37:51.177+02:00  INFO 25488 --- [facturacion360] [restartedMain] o.s.boot.tomcat.TomcatWebServer          : Tomcat started on port 8080 (http) with context path '/'
2026-09-15T09:37:51.178+02:00  INFO 25488 --- [facturacion360] [restartedMain] e.x.f.Facturacion360Application          : Started Facturacion360Application in 0.307 seconds (process running for 1518.254)
2026-09-15T09:37:51.179+02:00  WARN 25488 --- [facturacion360] [restartedMain] o.s.core.events.SpringDocAppInitializer  : SpringDoc /v3/api-docs endpoint is enabled by default. To disable it in production, set the property 'springdoc.api-docs.enabled=false'
2026-09-15T09:37:51.179+02:00  WARN 25488 --- [facturacion360] [restartedMain] o.s.core.events.SpringDocAppInitializer  : SpringDoc /swagger-ui.html endpoint is enabled by default. To disable it in production, set the property 'springdoc.swagger-ui.enabled=false'
2026-09-15T09:37:51.179+02:00  INFO 25488 --- [facturacion360] [restartedMain] .ConditionEvaluationDeltaLoggingListener : Condition evaluation unchanged
2026-09-15T09:37:52.624+02:00  INFO 25488 --- [facturacion360] [File Watcher] rtingClassPathChangeChangedEventListener : Restarting due to 13 class path changes (0 additions, 0 deletions, 13 modifications)
2026-09-15T09:37:52.626+02:00  INFO 25488 --- [facturacion360] [Thread-13] o.s.boot.tomcat.GracefulShutdown         : Commencing graceful shutdown. Waiting for active requests to complete
2026-09-15T09:37:52.632+02:00  INFO 25488 --- [facturacion360] [tomcat-shutdown] o.s.boot.tomcat.GracefulShutdown         : Graceful shutdown complete
2026-09-15T09:37:52.710+02:00  INFO 25488 --- [facturacion360] [restartedMain] e.x.f.Facturacion360Application          : Starting Facturacion360Application using Java 21.0.10 with PID 25488 (C:\Users\UsuarioM.XTALENTO121.000\git\FACTURACION2\facturacion360\target\classes started by UsuarioM in C:\Users\UsuarioM.XTALENTO121.000\git\FACTURACION2\facturacion360)
2026-09-15T09:37:52.710+02:00 DEBUG 25488 --- [facturacion360] [restartedMain] e.x.f.Facturacion360Application          : Running with Spring Boot v4.1.0, Spring v7.0.8
2026-09-15T09:37:52.710+02:00  INFO 25488 --- [facturacion360] [restartedMain] e.x.f.Facturacion360Application          : No active profile set, falling back to 1 default profile: "default"
2026-09-15T09:37:52.828+02:00  INFO 25488 --- [facturacion360] [restartedMain] o.s.boot.tomcat.TomcatWebServer          : Tomcat initialized with port 8080 (http)
2026-09-15T09:37:52.828+02:00  INFO 25488 --- [facturacion360] [restartedMain] o.apache.catalina.core.StandardService   : Starting service [Tomcat]
2026-09-15T09:37:52.828+02:00  INFO 25488 --- [facturacion360] [restartedMain] o.apache.catalina.core.StandardEngine    : Starting Servlet engine: [Apache Tomcat/11.0.22]
2026-09-15T09:37:52.840+02:00  INFO 25488 --- [facturacion360] [restartedMain] b.w.c.s.WebApplicationContextInitializer : Root WebApplicationContext: initialization completed in 129 ms
2026-09-15T09:37:52.884+02:00  INFO 25488 --- [facturacion360] [restartedMain] o.s.b.w.a.WelcomePageHandlerMapping      : Adding welcome page: class path resource [static/index.html]
2026-09-15T09:37:52.931+02:00  INFO 25488 --- [facturacion360] [restartedMain] o.s.boot.tomcat.TomcatWebServer          : Tomcat started on port 8080 (http) with context path '/'
2026-09-15T09:37:52.933+02:00  INFO 25488 --- [facturacion360] [restartedMain] e.x.f.Facturacion360Application          : Started Facturacion360Application in 0.24 seconds (process running for 1520.008)
2026-09-15T09:37:52.933+02:00  WARN 25488 --- [facturacion360] [restartedMain] o.s.core.events.SpringDocAppInitializer  : SpringDoc /v3/api-docs endpoint is enabled by default. To disable it in production, set the property 'springdoc.api-docs.enabled=false'
2026-09-15T09:37:52.933+02:00  WARN 25488 --- [facturacion360] [restartedMain] o.s.core.events.SpringDocAppInitializer  : SpringDoc /swagger-ui.html endpoint is enabled by default. To disable it in production, set the property 'springdoc.swagger-ui.enabled=false'
2026-09-15T09:37:52.934+02:00  INFO 25488 --- [facturacion360] [restartedMain] .ConditionEvaluationDeltaLoggingListener : Condition evaluation unchanged
2026-09-15T09:43:38.866+02:00  INFO 15972 --- [facturacion360] [restartedMain] e.x.f.Facturacion360Application          : Starting Facturacion360Application using Java 21.0.10 with PID 15972 (C:\Users\UsuarioM.XTALENTO121.000\git\FACTURACION2\facturacion360\target\classes started by UsuarioM in C:\Users\UsuarioM.XTALENTO121.000\git\FACTURACION2\facturacion360)
2026-09-15T09:43:38.868+02:00 DEBUG 15972 --- [facturacion360] [restartedMain] e.x.f.Facturacion360Application          : Running with Spring Boot v4.1.0, Spring v7.0.8
2026-09-15T09:43:38.869+02:00  INFO 15972 --- [facturacion360] [restartedMain] e.x.f.Facturacion360Application          : No active profile set, falling back to 1 default profile: "default"
2026-09-15T09:43:38.895+02:00  INFO 15972 --- [facturacion360] [restartedMain] .e.DevToolsPropertyDefaultsPostProcessor : Devtools property defaults active! Set 'spring.devtools.add-properties' to 'false' to disable
2026-09-15T09:43:38.895+02:00  INFO 15972 --- [facturacion360] [restartedMain] .e.DevToolsPropertyDefaultsPostProcessor : For additional web related logging consider setting the 'logging.level.web' property to 'DEBUG'
2026-09-15T09:43:39.536+02:00  INFO 15972 --- [facturacion360] [restartedMain] o.s.boot.tomcat.TomcatWebServer          : Tomcat initialized with port 8080 (http)
2026-09-15T09:43:39.545+02:00  INFO 15972 --- [facturacion360] [restartedMain] o.apache.catalina.core.StandardService   : Starting service [Tomcat]
2026-09-15T09:43:39.546+02:00  INFO 15972 --- [facturacion360] [restartedMain] o.apache.catalina.core.StandardEngine    : Starting Servlet engine: [Apache Tomcat/11.0.22]
2026-09-15T09:43:39.574+02:00  INFO 15972 --- [facturacion360] [restartedMain] b.w.c.s.WebApplicationContextInitializer : Root WebApplicationContext: initialization completed in 679 ms
2026-09-15T09:43:39.755+02:00  INFO 15972 --- [facturacion360] [restartedMain] o.s.b.w.a.WelcomePageHandlerMapping      : Adding welcome page: class path resource [static/index.html]
2026-09-15T09:43:39.988+02:00  WARN 15972 --- [facturacion360] [restartedMain] ConfigServletWebServerApplicationContext : Exception encountered during context initialization - cancelling refresh attempt: org.springframework.context.ApplicationContextException: Failed to start bean 'webServerStartStop'
2026-09-15T09:43:40.000+02:00  INFO 15972 --- [facturacion360] [restartedMain] .s.b.a.l.ConditionEvaluationReportLogger : 

Error starting ApplicationContext. To display the condition evaluation report re-run your application with 'debug' enabled.
2026-09-15T09:43:40.010+02:00 ERROR 15972 --- [facturacion360] [restartedMain] o.s.b.d.LoggingFailureAnalysisReporter   : 

***************************
APPLICATION FAILED TO START
***************************

Description:

Web server failed to start. Port 8080 was already in use.

Action:

Identify and stop the process that's listening on port 8080 or configure this application to listen on another port.

2026-09-15T09:43:45.503+02:00  INFO 25488 --- [facturacion360] [http-nio-8080-exec-1] o.a.c.c.C.[Tomcat].[localhost].[/]       : Initializing Spring DispatcherServlet 'dispatcherServlet'
2026-09-15T09:43:45.504+02:00  INFO 25488 --- [facturacion360] [http-nio-8080-exec-1] o.s.web.servlet.DispatcherServlet        : Initializing Servlet 'dispatcherServlet'
2026-09-15T09:43:45.505+02:00  INFO 25488 --- [facturacion360] [http-nio-8080-exec-1] o.s.web.servlet.DispatcherServlet        : Completed initialization in 1 ms
2026-09-15T09:44:55.669+02:00  INFO 9100 --- [facturacion360] [restartedMain] e.x.f.Facturacion360Application          : Starting Facturacion360Application using Java 21.0.10 with PID 9100 (C:\Users\UsuarioM.XTALENTO121.000\git\FACTURACION2\facturacion360\target\classes started by UsuarioM in C:\Users\UsuarioM.XTALENTO121.000\git\FACTURACION2\facturacion360)
2026-09-15T09:44:55.671+02:00 DEBUG 9100 --- [facturacion360] [restartedMain] e.x.f.Facturacion360Application          : Running with Spring Boot v4.1.0, Spring v7.0.8
2026-09-15T09:44:55.671+02:00  INFO 9100 --- [facturacion360] [restartedMain] e.x.f.Facturacion360Application          : No active profile set, falling back to 1 default profile: "default"
2026-09-15T09:44:55.699+02:00  INFO 9100 --- [facturacion360] [restartedMain] .e.DevToolsPropertyDefaultsPostProcessor : Devtools property defaults active! Set 'spring.devtools.add-properties' to 'false' to disable
2026-09-15T09:44:55.699+02:00  INFO 9100 --- [facturacion360] [restartedMain] .e.DevToolsPropertyDefaultsPostProcessor : For additional web related logging consider setting the 'logging.level.web' property to 'DEBUG'
2026-09-15T09:44:56.351+02:00  INFO 9100 --- [facturacion360] [restartedMain] o.s.boot.tomcat.TomcatWebServer          : Tomcat initialized with port 8080 (http)
2026-09-15T09:44:56.361+02:00  INFO 9100 --- [facturacion360] [restartedMain] o.apache.catalina.core.StandardService   : Starting service [Tomcat]
2026-09-15T09:44:56.361+02:00  INFO 9100 --- [facturacion360] [restartedMain] o.apache.catalina.core.StandardEngine    : Starting Servlet engine: [Apache Tomcat/11.0.22]
2026-09-15T09:44:56.390+02:00  INFO 9100 --- [facturacion360] [restartedMain] b.w.c.s.WebApplicationContextInitializer : Root WebApplicationContext: initialization completed in 690 ms
2026-09-15T09:44:56.576+02:00  INFO 9100 --- [facturacion360] [restartedMain] o.s.b.w.a.WelcomePageHandlerMapping      : Adding welcome page: class path resource [static/index.html]
2026-09-15T09:44:56.819+02:00  WARN 9100 --- [facturacion360] [restartedMain] ConfigServletWebServerApplicationContext : Exception encountered during context initialization - cancelling refresh attempt: org.springframework.context.ApplicationContextException: Failed to start bean 'webServerStartStop'
2026-09-15T09:44:56.829+02:00  INFO 9100 --- [facturacion360] [restartedMain] .s.b.a.l.ConditionEvaluationReportLogger : 

Error starting ApplicationContext. To display the condition evaluation report re-run your application with 'debug' enabled.
2026-09-15T09:44:56.839+02:00 ERROR 9100 --- [facturacion360] [restartedMain] o.s.b.d.LoggingFailureAnalysisReporter   : 

***************************
APPLICATION FAILED TO START
***************************

Description:

Web server failed to start. Port 8080 was already in use.

Action:

Identify and stop the process that's listening on port 8080 or configure this application to listen on another port.

2026-09-15T09:46:25.651+02:00  INFO 16776 --- [facturacion360] [restartedMain] e.x.f.Facturacion360Application          : Starting Facturacion360Application using Java 21.0.10 with PID 16776 (C:\Users\UsuarioM.XTALENTO121.000\git\FACTURACION2\facturacion360\target\classes started by UsuarioM in C:\Users\UsuarioM.XTALENTO121.000\git\FACTURACION2\facturacion360)
2026-09-15T09:46:25.653+02:00 DEBUG 16776 --- [facturacion360] [restartedMain] e.x.f.Facturacion360Application          : Running with Spring Boot v4.1.0, Spring v7.0.8
2026-09-15T09:46:25.654+02:00  INFO 16776 --- [facturacion360] [restartedMain] e.x.f.Facturacion360Application          : No active profile set, falling back to 1 default profile: "default"
2026-09-15T09:46:25.682+02:00  INFO 16776 --- [facturacion360] [restartedMain] .e.DevToolsPropertyDefaultsPostProcessor : Devtools property defaults active! Set 'spring.devtools.add-properties' to 'false' to disable
2026-09-15T09:46:25.682+02:00  INFO 16776 --- [facturacion360] [restartedMain] .e.DevToolsPropertyDefaultsPostProcessor : For additional web related logging consider setting the 'logging.level.web' property to 'DEBUG'
2026-09-15T09:46:26.352+02:00  INFO 16776 --- [facturacion360] [restartedMain] o.s.boot.tomcat.TomcatWebServer          : Tomcat initialized with port 8080 (http)
2026-09-15T09:46:26.363+02:00  INFO 16776 --- [facturacion360] [restartedMain] o.apache.catalina.core.StandardService   : Starting service [Tomcat]
2026-09-15T09:46:26.363+02:00  INFO 16776 --- [facturacion360] [restartedMain] o.apache.catalina.core.StandardEngine    : Starting Servlet engine: [Apache Tomcat/11.0.22]
2026-09-15T09:46:26.391+02:00  INFO 16776 --- [facturacion360] [restartedMain] b.w.c.s.WebApplicationContextInitializer : Root WebApplicationContext: initialization completed in 708 ms
2026-09-15T09:46:26.585+02:00  INFO 16776 --- [facturacion360] [restartedMain] o.s.b.w.a.WelcomePageHandlerMapping      : Adding welcome page: class path resource [static/index.html]
2026-09-15T09:46:26.838+02:00  WARN 16776 --- [facturacion360] [restartedMain] ConfigServletWebServerApplicationContext : Exception encountered during context initialization - cancelling refresh attempt: org.springframework.context.ApplicationContextException: Failed to start bean 'webServerStartStop'
2026-09-15T09:46:26.849+02:00  INFO 16776 --- [facturacion360] [restartedMain] .s.b.a.l.ConditionEvaluationReportLogger : 

Error starting ApplicationContext. To display the condition evaluation report re-run your application with 'debug' enabled.
2026-09-15T09:46:26.858+02:00 ERROR 16776 --- [facturacion360] [restartedMain] o.s.b.d.LoggingFailureAnalysisReporter   : 

***************************
APPLICATION FAILED TO START
***************************

Description:

Web server failed to start. Port 8080 was already in use.

Action:

Identify and stop the process that's listening on port 8080 or configure this application to listen on another port.

2026-09-15T09:47:47.635+02:00  INFO 25368 --- [facturacion360] [restartedMain] e.x.f.Facturacion360Application          : Starting Facturacion360Application using Java 21.0.10 with PID 25368 (C:\Users\UsuarioM.XTALENTO121.000\git\FACTURACION2\facturacion360\target\classes started by UsuarioM in C:\Users\UsuarioM.XTALENTO121.000\git\FACTURACION2\facturacion360)
2026-09-15T09:47:47.636+02:00 DEBUG 25368 --- [facturacion360] [restartedMain] e.x.f.Facturacion360Application          : Running with Spring Boot v4.1.0, Spring v7.0.8
2026-09-15T09:47:47.637+02:00  INFO 25368 --- [facturacion360] [restartedMain] e.x.f.Facturacion360Application          : No active profile set, falling back to 1 default profile: "default"
2026-09-15T09:47:47.664+02:00  INFO 25368 --- [facturacion360] [restartedMain] .e.DevToolsPropertyDefaultsPostProcessor : Devtools property defaults active! Set 'spring.devtools.add-properties' to 'false' to disable
2026-09-15T09:47:47.664+02:00  INFO 25368 --- [facturacion360] [restartedMain] .e.DevToolsPropertyDefaultsPostProcessor : For additional web related logging consider setting the 'logging.level.web' property to 'DEBUG'
2026-09-15T09:47:48.321+02:00  INFO 25368 --- [facturacion360] [restartedMain] o.s.boot.tomcat.TomcatWebServer          : Tomcat initialized with port 8080 (http)
2026-09-15T09:47:48.331+02:00  INFO 25368 --- [facturacion360] [restartedMain] o.apache.catalina.core.StandardService   : Starting service [Tomcat]
2026-09-15T09:47:48.331+02:00  INFO 25368 --- [facturacion360] [restartedMain] o.apache.catalina.core.StandardEngine    : Starting Servlet engine: [Apache Tomcat/11.0.22]
2026-09-15T09:47:48.361+02:00  INFO 25368 --- [facturacion360] [restartedMain] b.w.c.s.WebApplicationContextInitializer : Root WebApplicationContext: initialization completed in 697 ms
2026-09-15T09:47:48.556+02:00  INFO 25368 --- [facturacion360] [restartedMain] o.s.b.w.a.WelcomePageHandlerMapping      : Adding welcome page: class path resource [static/index.html]
2026-09-15T09:47:48.802+02:00  WARN 25368 --- [facturacion360] [restartedMain] ConfigServletWebServerApplicationContext : Exception encountered during context initialization - cancelling refresh attempt: org.springframework.context.ApplicationContextException: Failed to start bean 'webServerStartStop'
2026-09-15T09:47:48.812+02:00  INFO 25368 --- [facturacion360] [restartedMain] .s.b.a.l.ConditionEvaluationReportLogger : 

Error starting ApplicationContext. To display the condition evaluation report re-run your application with 'debug' enabled.
2026-09-15T09:47:48.822+02:00 ERROR 25368 --- [facturacion360] [restartedMain] o.s.b.d.LoggingFailureAnalysisReporter   : 

***************************
APPLICATION FAILED TO START
***************************

Description:

Web server failed to start. Port 8080 was already in use.

Action:

Identify and stop the process that's listening on port 8080 or configure this application to listen on another port.

2026-09-15T09:52:19.638+02:00  INFO 7324 --- [facturacion360] [restartedMain] e.x.f.Facturacion360Application          : Starting Facturacion360Application using Java 21.0.10 with PID 7324 (C:\Users\UsuarioM.XTALENTO121.000\git\FACTURACION2\facturacion360\target\classes started by UsuarioM in C:\Users\UsuarioM.XTALENTO121.000\git\FACTURACION2\facturacion360)
2026-09-15T09:52:19.639+02:00 DEBUG 7324 --- [facturacion360] [restartedMain] e.x.f.Facturacion360Application          : Running with Spring Boot v4.1.0, Spring v7.0.8
2026-09-15T09:52:19.639+02:00  INFO 7324 --- [facturacion360] [restartedMain] e.x.f.Facturacion360Application          : No active profile set, falling back to 1 default profile: "default"
2026-09-15T09:52:19.667+02:00  INFO 7324 --- [facturacion360] [restartedMain] .e.DevToolsPropertyDefaultsPostProcessor : Devtools property defaults active! Set 'spring.devtools.add-properties' to 'false' to disable
2026-09-15T09:52:19.667+02:00  INFO 7324 --- [facturacion360] [restartedMain] .e.DevToolsPropertyDefaultsPostProcessor : For additional web related logging consider setting the 'logging.level.web' property to 'DEBUG'
2026-09-15T09:52:20.313+02:00  INFO 7324 --- [facturacion360] [restartedMain] o.s.boot.tomcat.TomcatWebServer          : Tomcat initialized with port 8080 (http)
2026-09-15T09:52:20.323+02:00  INFO 7324 --- [facturacion360] [restartedMain] o.apache.catalina.core.StandardService   : Starting service [Tomcat]
2026-09-15T09:52:20.323+02:00  INFO 7324 --- [facturacion360] [restartedMain] o.apache.catalina.core.StandardEngine    : Starting Servlet engine: [Apache Tomcat/11.0.22]
2026-09-15T09:52:20.352+02:00  INFO 7324 --- [facturacion360] [restartedMain] b.w.c.s.WebApplicationContextInitializer : Root WebApplicationContext: initialization completed in 685 ms
2026-09-15T09:52:20.540+02:00  INFO 7324 --- [facturacion360] [restartedMain] o.s.b.w.a.WelcomePageHandlerMapping      : Adding welcome page: class path resource [static/index.html]
2026-09-15T09:52:20.781+02:00  WARN 7324 --- [facturacion360] [restartedMain] ConfigServletWebServerApplicationContext : Exception encountered during context initialization - cancelling refresh attempt: org.springframework.context.ApplicationContextException: Failed to start bean 'webServerStartStop'
2026-09-15T09:52:20.791+02:00  INFO 7324 --- [facturacion360] [restartedMain] .s.b.a.l.ConditionEvaluationReportLogger : 

Error starting ApplicationContext. To display the condition evaluation report re-run your application with 'debug' enabled.
2026-09-15T09:52:20.802+02:00 ERROR 7324 --- [facturacion360] [restartedMain] o.s.b.d.LoggingFailureAnalysisReporter   : 

***************************
APPLICATION FAILED TO START
***************************

Description:

Web server failed to start. Port 8080 was already in use.

Action:

Identify and stop the process that's listening on port 8080 or configure this application to listen on another port.

2026-09-15T09:55:56.964+02:00  INFO 17204 --- [facturacion360] [restartedMain] e.x.f.Facturacion360Application          : Starting Facturacion360Application using Java 21.0.10 with PID 17204 (C:\Users\UsuarioM.XTALENTO121.000\git\FACTURACION2\facturacion360\target\classes started by UsuarioM in C:\Users\UsuarioM.XTALENTO121.000\git\FACTURACION2\facturacion360)
2026-09-15T09:55:56.966+02:00 DEBUG 17204 --- [facturacion360] [restartedMain] e.x.f.Facturacion360Application          : Running with Spring Boot v4.1.0, Spring v7.0.8
2026-09-15T09:55:56.966+02:00  INFO 17204 --- [facturacion360] [restartedMain] e.x.f.Facturacion360Application          : No active profile set, falling back to 1 default profile: "default"
2026-09-15T09:55:56.992+02:00  INFO 17204 --- [facturacion360] [restartedMain] .e.DevToolsPropertyDefaultsPostProcessor : Devtools property defaults active! Set 'spring.devtools.add-properties' to 'false' to disable
2026-09-15T09:55:56.992+02:00  INFO 17204 --- [facturacion360] [restartedMain] .e.DevToolsPropertyDefaultsPostProcessor : For additional web related logging consider setting the 'logging.level.web' property to 'DEBUG'
2026-09-15T09:55:57.648+02:00  INFO 17204 --- [facturacion360] [restartedMain] o.s.boot.tomcat.TomcatWebServer          : Tomcat initialized with port 8080 (http)
2026-09-15T09:55:57.657+02:00  INFO 17204 --- [facturacion360] [restartedMain] o.apache.catalina.core.StandardService   : Starting service [Tomcat]
2026-09-15T09:55:57.658+02:00  INFO 17204 --- [facturacion360] [restartedMain] o.apache.catalina.core.StandardEngine    : Starting Servlet engine: [Apache Tomcat/11.0.22]
2026-09-15T09:55:57.695+02:00  INFO 17204 --- [facturacion360] [restartedMain] b.w.c.s.WebApplicationContextInitializer : Root WebApplicationContext: initialization completed in 702 ms
2026-09-15T09:55:57.893+02:00  INFO 17204 --- [facturacion360] [restartedMain] o.s.b.w.a.WelcomePageHandlerMapping      : Adding welcome page: class path resource [static/index.html]
2026-09-15T09:55:58.135+02:00  WARN 17204 --- [facturacion360] [restartedMain] ConfigServletWebServerApplicationContext : Exception encountered during context initialization - cancelling refresh attempt: org.springframework.context.ApplicationContextException: Failed to start bean 'webServerStartStop'
2026-09-15T09:55:58.146+02:00  INFO 17204 --- [facturacion360] [restartedMain] .s.b.a.l.ConditionEvaluationReportLogger : 

Error starting ApplicationContext. To display the condition evaluation report re-run your application with 'debug' enabled.
2026-09-15T09:55:58.156+02:00 ERROR 17204 --- [facturacion360] [restartedMain] o.s.b.d.LoggingFailureAnalysisReporter   : 

***************************
APPLICATION FAILED TO START
***************************

Description:

Web server failed to start. Port 8080 was already in use.

Action:

Identify and stop the process that's listening on port 8080 or configure this application to listen on another port.

2026-09-15T09:57:01.902+02:00  INFO 32732 --- [facturacion360] [restartedMain] e.x.f.Facturacion360Application          : Starting Facturacion360Application using Java 21.0.10 with PID 32732 (C:\Users\UsuarioM.XTALENTO121.000\git\FACTURACION2\facturacion360\target\classes started by UsuarioM in C:\Users\UsuarioM.XTALENTO121.000\git\FACTURACION2\facturacion360)
2026-09-15T09:57:01.904+02:00 DEBUG 32732 --- [facturacion360] [restartedMain] e.x.f.Facturacion360Application          : Running with Spring Boot v4.1.0, Spring v7.0.8
2026-09-15T09:57:01.904+02:00  INFO 32732 --- [facturacion360] [restartedMain] e.x.f.Facturacion360Application          : No active profile set, falling back to 1 default profile: "default"
2026-09-15T09:57:01.936+02:00  INFO 32732 --- [facturacion360] [restartedMain] .e.DevToolsPropertyDefaultsPostProcessor : Devtools property defaults active! Set 'spring.devtools.add-properties' to 'false' to disable
2026-09-15T09:57:01.936+02:00  INFO 32732 --- [facturacion360] [restartedMain] .e.DevToolsPropertyDefaultsPostProcessor : For additional web related logging consider setting the 'logging.level.web' property to 'DEBUG'
2026-09-15T09:57:02.570+02:00  INFO 32732 --- [facturacion360] [restartedMain] o.s.boot.tomcat.TomcatWebServer          : Tomcat initialized with port 8080 (http)
2026-09-15T09:57:02.579+02:00  INFO 32732 --- [facturacion360] [restartedMain] o.apache.catalina.core.StandardService   : Starting service [Tomcat]
2026-09-15T09:57:02.580+02:00  INFO 32732 --- [facturacion360] [restartedMain] o.apache.catalina.core.StandardEngine    : Starting Servlet engine: [Apache Tomcat/11.0.22]
2026-09-15T09:57:02.619+02:00  INFO 32732 --- [facturacion360] [restartedMain] b.w.c.s.WebApplicationContextInitializer : Root WebApplicationContext: initialization completed in 682 ms
2026-09-15T09:57:02.826+02:00  INFO 32732 --- [facturacion360] [restartedMain] o.s.b.w.a.WelcomePageHandlerMapping      : Adding welcome page: class path resource [static/index.html]
2026-09-15T09:57:03.057+02:00  WARN 32732 --- [facturacion360] [restartedMain] ConfigServletWebServerApplicationContext : Exception encountered during context initialization - cancelling refresh attempt: org.springframework.context.ApplicationContextException: Failed to start bean 'webServerStartStop'
2026-09-15T09:57:03.067+02:00  INFO 32732 --- [facturacion360] [restartedMain] .s.b.a.l.ConditionEvaluationReportLogger : 

Error starting ApplicationContext. To display the condition evaluation report re-run your application with 'debug' enabled.
2026-09-15T09:57:03.076+02:00 ERROR 32732 --- [facturacion360] [restartedMain] o.s.b.d.LoggingFailureAnalysisReporter   : 

***************************
APPLICATION FAILED TO START
***************************

Description:

Web server failed to start. Port 8080 was already in use.

Action:

Identify and stop the process that's listening on port 8080 or configure this application to listen on another port.

2026-09-15T09:59:44.552+02:00  INFO 3316 --- [facturacion360] [restartedMain] e.x.f.Facturacion360Application          : Starting Facturacion360Application using Java 21.0.10 with PID 3316 (C:\Users\UsuarioM.XTALENTO121.000\git\FACTURACION2\facturacion360\target\classes started by UsuarioM in C:\Users\UsuarioM.XTALENTO121.000\git\FACTURACION2\facturacion360)
2026-09-15T09:59:44.554+02:00 DEBUG 3316 --- [facturacion360] [restartedMain] e.x.f.Facturacion360Application          : Running with Spring Boot v4.1.0, Spring v7.0.8
2026-09-15T09:59:44.554+02:00  INFO 3316 --- [facturacion360] [restartedMain] e.x.f.Facturacion360Application          : No active profile set, falling back to 1 default profile: "default"
2026-09-15T09:59:44.583+02:00  INFO 3316 --- [facturacion360] [restartedMain] .e.DevToolsPropertyDefaultsPostProcessor : Devtools property defaults active! Set 'spring.devtools.add-properties' to 'false' to disable
2026-09-15T09:59:44.583+02:00  INFO 3316 --- [facturacion360] [restartedMain] .e.DevToolsPropertyDefaultsPostProcessor : For additional web related logging consider setting the 'logging.level.web' property to 'DEBUG'
2026-09-15T09:59:45.273+02:00  INFO 3316 --- [facturacion360] [restartedMain] o.s.boot.tomcat.TomcatWebServer          : Tomcat initialized with port 8080 (http)
2026-09-15T09:59:45.283+02:00  INFO 3316 --- [facturacion360] [restartedMain] o.apache.catalina.core.StandardService   : Starting service [Tomcat]
2026-09-15T09:59:45.283+02:00  INFO 3316 --- [facturacion360] [restartedMain] o.apache.catalina.core.StandardEngine    : Starting Servlet engine: [Apache Tomcat/11.0.22]
2026-09-15T09:59:45.311+02:00  INFO 3316 --- [facturacion360] [restartedMain] b.w.c.s.WebApplicationContextInitializer : Root WebApplicationContext: initialization completed in 728 ms
2026-09-15T09:59:45.518+02:00  INFO 3316 --- [facturacion360] [restartedMain] o.s.b.w.a.WelcomePageHandlerMapping      : Adding welcome page: class path resource [static/index.html]
2026-09-15T09:59:45.768+02:00  WARN 3316 --- [facturacion360] [restartedMain] ConfigServletWebServerApplicationContext : Exception encountered during context initialization - cancelling refresh attempt: org.springframework.context.ApplicationContextException: Failed to start bean 'webServerStartStop'
2026-09-15T09:59:45.779+02:00  INFO 3316 --- [facturacion360] [restartedMain] .s.b.a.l.ConditionEvaluationReportLogger : 

Error starting ApplicationContext. To display the condition evaluation report re-run your application with 'debug' enabled.
2026-09-15T09:59:45.789+02:00 ERROR 3316 --- [facturacion360] [restartedMain] o.s.b.d.LoggingFailureAnalysisReporter   : 

***************************
APPLICATION FAILED TO START
***************************

Description:

Web server failed to start. Port 8080 was already in use.

Action:

Identify and stop the process that's listening on port 8080 or configure this application to listen on another port.

2026-09-15T10:01:35.054+02:00  INFO 8732 --- [facturacion360] [restartedMain] e.x.f.Facturacion360Application          : Starting Facturacion360Application using Java 21.0.10 with PID 8732 (C:\Users\UsuarioM.XTALENTO121.000\git\FACTURACION2\facturacion360\target\classes started by UsuarioM in C:\Users\UsuarioM.XTALENTO121.000\git\FACTURACION2\facturacion360)
2026-09-15T10:01:35.055+02:00 DEBUG 8732 --- [facturacion360] [restartedMain] e.x.f.Facturacion360Application          : Running with Spring Boot v4.1.0, Spring v7.0.8
2026-09-15T10:01:35.056+02:00  INFO 8732 --- [facturacion360] [restartedMain] e.x.f.Facturacion360Application          : No active profile set, falling back to 1 default profile: "default"
2026-09-15T10:01:35.083+02:00  INFO 8732 --- [facturacion360] [restartedMain] .e.DevToolsPropertyDefaultsPostProcessor : Devtools property defaults active! Set 'spring.devtools.add-properties' to 'false' to disable
2026-09-15T10:01:35.083+02:00  INFO 8732 --- [facturacion360] [restartedMain] .e.DevToolsPropertyDefaultsPostProcessor : For additional web related logging consider setting the 'logging.level.web' property to 'DEBUG'
2026-09-15T10:01:35.726+02:00  INFO 8732 --- [facturacion360] [restartedMain] o.s.boot.tomcat.TomcatWebServer          : Tomcat initialized with port 8080 (http)
2026-09-15T10:01:35.735+02:00  INFO 8732 --- [facturacion360] [restartedMain] o.apache.catalina.core.StandardService   : Starting service [Tomcat]
2026-09-15T10:01:35.736+02:00  INFO 8732 --- [facturacion360] [restartedMain] o.apache.catalina.core.StandardEngine    : Starting Servlet engine: [Apache Tomcat/11.0.22]
2026-09-15T10:01:35.765+02:00  INFO 8732 --- [facturacion360] [restartedMain] b.w.c.s.WebApplicationContextInitializer : Root WebApplicationContext: initialization completed in 682 ms
2026-09-15T10:01:35.959+02:00  INFO 8732 --- [facturacion360] [restartedMain] o.s.b.w.a.WelcomePageHandlerMapping      : Adding welcome page: class path resource [static/index.html]
2026-09-15T10:01:36.211+02:00  WARN 8732 --- [facturacion360] [restartedMain] ConfigServletWebServerApplicationContext : Exception encountered during context initialization - cancelling refresh attempt: org.springframework.context.ApplicationContextException: Failed to start bean 'webServerStartStop'
2026-09-15T10:01:36.222+02:00  INFO 8732 --- [facturacion360] [restartedMain] .s.b.a.l.ConditionEvaluationReportLogger : 

Error starting ApplicationContext. To display the condition evaluation report re-run your application with 'debug' enabled.
2026-09-15T10:01:36.233+02:00 ERROR 8732 --- [facturacion360] [restartedMain] o.s.b.d.LoggingFailureAnalysisReporter   : 

***************************
APPLICATION FAILED TO START
***************************

Description:

Web server failed to start. Port 8080 was already in use.

Action:

Identify and stop the process that's listening on port 8080 or configure this application to listen on another port.

2026-09-15T10:09:16.386+02:00  INFO 23172 --- [facturacion360] [restartedMain] e.x.f.Facturacion360Application          : Starting Facturacion360Application using Java 21.0.10 with PID 23172 (C:\Users\UsuarioM.XTALENTO121.000\git\FACTURACION2\facturacion360\target\classes started by UsuarioM in C:\Users\UsuarioM.XTALENTO121.000\git\FACTURACION2\facturacion360)
2026-09-15T10:09:16.388+02:00 DEBUG 23172 --- [facturacion360] [restartedMain] e.x.f.Facturacion360Application          : Running with Spring Boot v4.1.0, Spring v7.0.8
2026-09-15T10:09:16.388+02:00  INFO 23172 --- [facturacion360] [restartedMain] e.x.f.Facturacion360Application          : No active profile set, falling back to 1 default profile: "default"
2026-09-15T10:09:16.415+02:00  INFO 23172 --- [facturacion360] [restartedMain] .e.DevToolsPropertyDefaultsPostProcessor : Devtools property defaults active! Set 'spring.devtools.add-properties' to 'false' to disable
2026-09-15T10:09:16.415+02:00  INFO 23172 --- [facturacion360] [restartedMain] .e.DevToolsPropertyDefaultsPostProcessor : For additional web related logging consider setting the 'logging.level.web' property to 'DEBUG'
2026-09-15T10:09:17.061+02:00  INFO 23172 --- [facturacion360] [restartedMain] o.s.boot.tomcat.TomcatWebServer          : Tomcat initialized with port 8080 (http)
2026-09-15T10:09:17.071+02:00  INFO 23172 --- [facturacion360] [restartedMain] o.apache.catalina.core.StandardService   : Starting service [Tomcat]
2026-09-15T10:09:17.072+02:00  INFO 23172 --- [facturacion360] [restartedMain] o.apache.catalina.core.StandardEngine    : Starting Servlet engine: [Apache Tomcat/11.0.22]
2026-09-15T10:09:17.101+02:00  INFO 23172 --- [facturacion360] [restartedMain] b.w.c.s.WebApplicationContextInitializer : Root WebApplicationContext: initialization completed in 685 ms
2026-09-15T10:09:17.288+02:00  INFO 23172 --- [facturacion360] [restartedMain] o.s.b.w.a.WelcomePageHandlerMapping      : Adding welcome page: class path resource [static/index.html]
2026-09-15T10:09:17.531+02:00  WARN 23172 --- [facturacion360] [restartedMain] ConfigServletWebServerApplicationContext : Exception encountered during context initialization - cancelling refresh attempt: org.springframework.context.ApplicationContextException: Failed to start bean 'webServerStartStop'
2026-09-15T10:09:17.541+02:00  INFO 23172 --- [facturacion360] [restartedMain] .s.b.a.l.ConditionEvaluationReportLogger : 

Error starting ApplicationContext. To display the condition evaluation report re-run your application with 'debug' enabled.
2026-09-15T10:09:17.551+02:00 ERROR 23172 --- [facturacion360] [restartedMain] o.s.b.d.LoggingFailureAnalysisReporter   : 

***************************
APPLICATION FAILED TO START
***************************

Description:

Web server failed to start. Port 8080 was already in use.

Action:

Identify and stop the process that's listening on port 8080 or configure this application to listen on another port.

2026-09-15T10:24:52.188+02:00  INFO 25488 --- [facturacion360] [http-nio-8080-exec-4] e.x.f.controller.ClienteController       : GET /cliente/poblaciones?provincia=null
2026-09-15T10:24:52.188+02:00  INFO 25488 --- [facturacion360] [http-nio-8080-exec-10] e.x.f.controller.ClienteController       : GET /cliente/provincias
2026-09-15T10:24:52.188+02:00 DEBUG 25488 --- [facturacion360] [http-nio-8080-exec-10] o.s.jdbc.core.JdbcTemplate               : Executing SQL query [SELECT DISTINCT provincia FROM clientes WHERE provincia IS NOT NULL AND provincia <> '' ORDER BY provincia]
2026-09-15T10:24:52.188+02:00 DEBUG 25488 --- [facturacion360] [http-nio-8080-exec-4] o.s.jdbc.core.JdbcTemplate               : Executing prepared SQL query
2026-09-15T10:24:52.188+02:00  INFO 25488 --- [facturacion360] [http-nio-8080-exec-10] com.zaxxer.hikari.HikariDataSource       : HikariPool-2 - Starting...
2026-09-15T10:24:52.188+02:00 DEBUG 25488 --- [facturacion360] [http-nio-8080-exec-4] o.s.jdbc.core.JdbcTemplate               : Executing prepared SQL statement [SELECT DISTINCT poblacion FROM clientes WHERE poblacion IS NOT NULL AND poblacion <> '' ORDER BY poblacion]
2026-09-15T10:24:52.196+02:00  INFO 25488 --- [facturacion360] [http-nio-8080-exec-3] e.x.f.controller.ClienteController       : GET /cliente/listar-pagina -> CriteriosCliente[pagina=0, tamano=10, busqueda=null, provincia=null, poblacion=null, ordenarPor=fecha_alta, direccion=desc]
2026-09-15T10:24:52.202+02:00  INFO 25488 --- [facturacion360] [http-nio-8080-exec-10] com.zaxxer.hikari.pool.HikariPool        : HikariPool-2 - Added connection com.mysql.cj.jdbc.ConnectionImpl@d3aff02
2026-09-15T10:24:52.203+02:00  INFO 25488 --- [facturacion360] [http-nio-8080-exec-10] com.zaxxer.hikari.HikariDataSource       : HikariPool-2 - Start completed.
2026-09-15T10:24:52.204+02:00 DEBUG 25488 --- [facturacion360] [http-nio-8080-exec-10] e.x.f.r.ClienteRepositoryJdbcImpl        : findProvincias() -> 5 provincias
2026-09-15T10:24:52.204+02:00  INFO 25488 --- [facturacion360] [http-nio-8080-exec-10] e.x.f.service.ClienteServiceImpl         : listarProvincias() -> 5 provincias
2026-09-15T10:24:52.205+02:00 DEBUG 25488 --- [facturacion360] [http-nio-8080-exec-4] e.x.f.r.ClienteRepositoryJdbcImpl        : findPoblaciones(provincia=null) -> 5 poblaciones
2026-09-15T10:24:52.205+02:00  INFO 25488 --- [facturacion360] [http-nio-8080-exec-4] e.x.f.service.ClienteServiceImpl         : listarPoblaciones(provincia=null) -> 5 poblaciones
2026-09-15T10:24:52.206+02:00 DEBUG 25488 --- [facturacion360] [http-nio-8080-exec-3] o.s.jdbc.core.JdbcTemplate               : Executing prepared SQL query
2026-09-15T10:24:52.206+02:00 DEBUG 25488 --- [facturacion360] [http-nio-8080-exec-3] o.s.jdbc.core.JdbcTemplate               : Executing prepared SQL statement [SELECT idcliente, nombre, nif_cif, direccion, codigopostal, poblacion, provincia, telefono, email, fecha_alta FROM clientes ORDER BY fecha_alta IS NULL, fecha_alta DESC, idcliente DESC LIMIT ? OFFSET ?]
2026-09-15T10:24:52.208+02:00 DEBUG 25488 --- [facturacion360] [http-nio-8080-exec-3] e.x.f.r.ClienteRepositoryJdbcImpl        : findPagina(CriteriosCliente[pagina=0, tamano=10, busqueda=null, provincia=null, poblacion=null, ordenarPor=fecha_alta, direccion=desc]) -> 5 filas
2026-09-15T10:24:52.208+02:00 DEBUG 25488 --- [facturacion360] [http-nio-8080-exec-3] o.s.jdbc.core.JdbcTemplate               : Executing prepared SQL query
2026-09-15T10:24:52.208+02:00 DEBUG 25488 --- [facturacion360] [http-nio-8080-exec-3] o.s.jdbc.core.JdbcTemplate               : Executing prepared SQL statement [SELECT COUNT(*) FROM clientes]
2026-09-15T10:24:52.210+02:00  INFO 25488 --- [facturacion360] [http-nio-8080-exec-3] e.x.f.service.ClienteServiceImpl         : listarPagina(CriteriosCliente[pagina=0, tamano=10, busqueda=null, provincia=null, poblacion=null, ordenarPor=fecha_alta, direccion=desc]) -> pagina 1/1, 5 elementos
2026-09-15T10:25:00.099+02:00  INFO 25488 --- [facturacion360] [http-nio-8080-exec-8] e.x.f.controller.ClienteController       : GET /cliente/listar-ultimos?limite=100 (acotado a 100)
2026-09-15T10:25:00.099+02:00 DEBUG 25488 --- [facturacion360] [http-nio-8080-exec-7] o.s.jdbc.core.JdbcTemplate               : Executing SQL query [SELECT f.idfactura, f.idcliente, c.nombre AS nombre_cliente, f.num_factura, f.fecha_emision, f.estado, f.observaciones, f.subtotal, f.importe_iva, f.total FROM facturas f INNER JOIN clientes c ON f.idcliente = c.idcliente ORDER BY f.fecha_emision DESC, f.idfactura DESC]
2026-09-15T10:25:00.099+02:00 DEBUG 25488 --- [facturacion360] [http-nio-8080-exec-8] o.s.jdbc.core.JdbcTemplate               : Executing prepared SQL query
2026-09-15T10:25:00.099+02:00 DEBUG 25488 --- [facturacion360] [http-nio-8080-exec-8] o.s.jdbc.core.JdbcTemplate               : Executing prepared SQL statement [SELECT idcliente, nombre, nif_cif, direccion, codigopostal, poblacion, provincia, telefono, email, fecha_alta FROM clientes ORDER BY idcliente DESC LIMIT ?]
2026-09-15T10:25:00.101+02:00 DEBUG 25488 --- [facturacion360] [http-nio-8080-exec-8] e.x.f.r.ClienteRepositoryJdbcImpl        : findUltimos(100) -> 5 filas
2026-09-15T10:25:00.101+02:00  INFO 25488 --- [facturacion360] [http-nio-8080-exec-8] e.x.f.service.ClienteServiceImpl         : listarUltimos(100) -> 5 clientes
2026-09-15T10:25:00.101+02:00 DEBUG 25488 --- [facturacion360] [http-nio-8080-exec-7] e.x.f.r.FacturaRepositoryJdbcImpl        : buscar() devuelve 8 facturas
2026-09-15T10:25:00.101+02:00  INFO 25488 --- [facturacion360] [http-nio-8080-exec-8] e.x.f.controller.ClienteController       : listar-ultimos devuelve 5 clientes
2026-09-15T10:30:24.504+02:00  INFO 25488 --- [facturacion360] [http-nio-8080-exec-5] e.x.f.controller.ClienteController       : GET /cliente/provincias
2026-09-15T10:30:24.505+02:00  INFO 25488 --- [facturacion360] [http-nio-8080-exec-6] e.x.f.controller.ClienteController       : GET /cliente/poblaciones?provincia=null
2026-09-15T10:30:24.505+02:00 DEBUG 25488 --- [facturacion360] [http-nio-8080-exec-6] o.s.jdbc.core.JdbcTemplate               : Executing prepared SQL query
2026-09-15T10:30:24.505+02:00 DEBUG 25488 --- [facturacion360] [http-nio-8080-exec-5] o.s.jdbc.core.JdbcTemplate               : Executing SQL query [SELECT DISTINCT provincia FROM clientes WHERE provincia IS NOT NULL AND provincia <> '' ORDER BY provincia]
2026-09-15T10:30:24.505+02:00 DEBUG 25488 --- [facturacion360] [http-nio-8080-exec-6] o.s.jdbc.core.JdbcTemplate               : Executing prepared SQL statement [SELECT DISTINCT poblacion FROM clientes WHERE poblacion IS NOT NULL AND poblacion <> '' ORDER BY poblacion]
2026-09-15T10:30:24.506+02:00  INFO 25488 --- [facturacion360] [http-nio-8080-exec-2] e.x.f.controller.ClienteController       : GET /cliente/listar-pagina -> CriteriosCliente[pagina=0, tamano=10, busqueda=null, provincia=null, poblacion=null, ordenarPor=fecha_alta, direccion=desc]
2026-09-15T10:30:24.507+02:00 DEBUG 25488 --- [facturacion360] [http-nio-8080-exec-5] e.x.f.r.ClienteRepositoryJdbcImpl        : findProvincias() -> 5 provincias
2026-09-15T10:30:24.507+02:00  INFO 25488 --- [facturacion360] [http-nio-8080-exec-5] e.x.f.service.ClienteServiceImpl         : listarProvincias() -> 5 provincias
2026-09-15T10:30:24.508+02:00 DEBUG 25488 --- [facturacion360] [http-nio-8080-exec-6] e.x.f.r.ClienteRepositoryJdbcImpl        : findPoblaciones(provincia=null) -> 5 poblaciones
2026-09-15T10:30:24.508+02:00  INFO 25488 --- [facturacion360] [http-nio-8080-exec-6] e.x.f.service.ClienteServiceImpl         : listarPoblaciones(provincia=null) -> 5 poblaciones
2026-09-15T10:30:24.508+02:00 DEBUG 25488 --- [facturacion360] [http-nio-8080-exec-2] o.s.jdbc.core.JdbcTemplate               : Executing prepared SQL query
2026-09-15T10:30:24.508+02:00 DEBUG 25488 --- [facturacion360] [http-nio-8080-exec-2] o.s.jdbc.core.JdbcTemplate               : Executing prepared SQL statement [SELECT idcliente, nombre, nif_cif, direccion, codigopostal, poblacion, provincia, telefono, email, fecha_alta FROM clientes ORDER BY fecha_alta IS NULL, fecha_alta DESC, idcliente DESC LIMIT ? OFFSET ?]
2026-09-15T10:30:24.510+02:00 DEBUG 25488 --- [facturacion360] [http-nio-8080-exec-2] e.x.f.r.ClienteRepositoryJdbcImpl        : findPagina(CriteriosCliente[pagina=0, tamano=10, busqueda=null, provincia=null, poblacion=null, ordenarPor=fecha_alta, direccion=desc]) -> 5 filas
2026-09-15T10:30:24.510+02:00 DEBUG 25488 --- [facturacion360] [http-nio-8080-exec-2] o.s.jdbc.core.JdbcTemplate               : Executing prepared SQL query
2026-09-15T10:30:24.510+02:00 DEBUG 25488 --- [facturacion360] [http-nio-8080-exec-2] o.s.jdbc.core.JdbcTemplate               : Executing prepared SQL statement [SELECT COUNT(*) FROM clientes]
2026-09-15T10:30:24.511+02:00  INFO 25488 --- [facturacion360] [http-nio-8080-exec-2] e.x.f.service.ClienteServiceImpl         : listarPagina(CriteriosCliente[pagina=0, tamano=10, busqueda=null, provincia=null, poblacion=null, ordenarPor=fecha_alta, direccion=desc]) -> pagina 1/1, 5 elementos
2026-09-15T10:30:26.963+02:00  INFO 25488 --- [facturacion360] [http-nio-8080-exec-9] e.x.f.controller.ClienteController       : GET /cliente/listar-ultimos?limite=100 (acotado a 100)
2026-09-15T10:30:26.963+02:00 DEBUG 25488 --- [facturacion360] [http-nio-8080-exec-4] o.s.jdbc.core.JdbcTemplate               : Executing SQL query [SELECT f.idfactura, f.idcliente, c.nombre AS nombre_cliente, f.num_factura, f.fecha_emision, f.estado, f.observaciones, f.subtotal, f.importe_iva, f.total FROM facturas f INNER JOIN clientes c ON f.idcliente = c.idcliente ORDER BY f.fecha_emision DESC, f.idfactura DESC]
2026-09-15T10:30:26.963+02:00 DEBUG 25488 --- [facturacion360] [http-nio-8080-exec-9] o.s.jdbc.core.JdbcTemplate               : Executing prepared SQL query
2026-09-15T10:30:26.963+02:00 DEBUG 25488 --- [facturacion360] [http-nio-8080-exec-9] o.s.jdbc.core.JdbcTemplate               : Executing prepared SQL statement [SELECT idcliente, nombre, nif_cif, direccion, codigopostal, poblacion, provincia, telefono, email, fecha_alta FROM clientes ORDER BY idcliente DESC LIMIT ?]
2026-09-15T10:30:26.965+02:00 DEBUG 25488 --- [facturacion360] [http-nio-8080-exec-9] e.x.f.r.ClienteRepositoryJdbcImpl        : findUltimos(100) -> 5 filas
2026-09-15T10:30:26.965+02:00 DEBUG 25488 --- [facturacion360] [http-nio-8080-exec-4] e.x.f.r.FacturaRepositoryJdbcImpl        : buscar() devuelve 8 facturas
2026-09-15T10:30:26.965+02:00  INFO 25488 --- [facturacion360] [http-nio-8080-exec-9] e.x.f.service.ClienteServiceImpl         : listarUltimos(100) -> 5 clientes
2026-09-15T10:30:26.965+02:00  INFO 25488 --- [facturacion360] [http-nio-8080-exec-9] e.x.f.controller.ClienteController       : listar-ultimos devuelve 5 clientes
2026-09-15T10:41:17.647+02:00  INFO 25488 --- [facturacion360] [http-nio-8080-exec-1] e.x.f.controller.ClienteController       : GET /cliente/listar-ultimos?limite=100 (acotado a 100)
2026-09-15T10:41:17.647+02:00 DEBUG 25488 --- [facturacion360] [http-nio-8080-exec-10] o.s.jdbc.core.JdbcTemplate               : Executing SQL query [SELECT f.idfactura, f.idcliente, c.nombre AS nombre_cliente, f.num_factura, f.fecha_emision, f.estado, f.observaciones, f.subtotal, f.importe_iva, f.total FROM facturas f INNER JOIN clientes c ON f.idcliente = c.idcliente ORDER BY f.fecha_emision DESC, f.idfactura DESC]
2026-09-15T10:41:17.648+02:00 DEBUG 25488 --- [facturacion360] [http-nio-8080-exec-1] o.s.jdbc.core.JdbcTemplate               : Executing prepared SQL query
2026-09-15T10:41:17.648+02:00 DEBUG 25488 --- [facturacion360] [http-nio-8080-exec-1] o.s.jdbc.core.JdbcTemplate               : Executing prepared SQL statement [SELECT idcliente, nombre, nif_cif, direccion, codigopostal, poblacion, provincia, telefono, email, fecha_alta FROM clientes ORDER BY idcliente DESC LIMIT ?]
2026-09-15T10:41:17.649+02:00 DEBUG 25488 --- [facturacion360] [http-nio-8080-exec-1] e.x.f.r.ClienteRepositoryJdbcImpl        : findUltimos(100) -> 5 filas
2026-09-15T10:41:17.650+02:00 DEBUG 25488 --- [facturacion360] [http-nio-8080-exec-10] e.x.f.r.FacturaRepositoryJdbcImpl        : buscar() devuelve 8 facturas
2026-09-15T10:41:17.650+02:00  INFO 25488 --- [facturacion360] [http-nio-8080-exec-1] e.x.f.service.ClienteServiceImpl         : listarUltimos(100) -> 5 clientes
2026-09-15T10:41:17.650+02:00  INFO 25488 --- [facturacion360] [http-nio-8080-exec-1] e.x.f.controller.ClienteController       : listar-ultimos devuelve 5 clientes
2026-09-15T10:41:24.043+02:00  INFO 25488 --- [facturacion360] [http-nio-8080-exec-3] e.x.f.controller.ClienteController       : GET /cliente/poblaciones?provincia=null
2026-09-15T10:41:24.043+02:00  INFO 25488 --- [facturacion360] [http-nio-8080-exec-1] e.x.f.controller.ClienteController       : GET /cliente/provincias
2026-09-15T10:41:24.043+02:00 DEBUG 25488 --- [facturacion360] [http-nio-8080-exec-1] o.s.jdbc.core.JdbcTemplate               : Executing SQL query [SELECT DISTINCT provincia FROM clientes WHERE provincia IS NOT NULL AND provincia <> '' ORDER BY provincia]
2026-09-15T10:41:24.043+02:00 DEBUG 25488 --- [facturacion360] [http-nio-8080-exec-3] o.s.jdbc.core.JdbcTemplate               : Executing prepared SQL query
2026-09-15T10:41:24.043+02:00 DEBUG 25488 --- [facturacion360] [http-nio-8080-exec-3] o.s.jdbc.core.JdbcTemplate               : Executing prepared SQL statement [SELECT DISTINCT poblacion FROM clientes WHERE poblacion IS NOT NULL AND poblacion <> '' ORDER BY poblacion]
2026-09-15T10:41:24.044+02:00  INFO 25488 --- [facturacion360] [http-nio-8080-exec-2] e.x.f.controller.ClienteController       : GET /cliente/listar-pagina -> CriteriosCliente[pagina=0, tamano=10, busqueda=null, provincia=null, poblacion=null, ordenarPor=fecha_alta, direccion=desc]
2026-09-15T10:41:24.057+02:00 DEBUG 25488 --- [facturacion360] [http-nio-8080-exec-1] e.x.f.r.ClienteRepositoryJdbcImpl        : findProvincias() -> 5 provincias
2026-09-15T10:41:24.057+02:00 DEBUG 25488 --- [facturacion360] [http-nio-8080-exec-3] e.x.f.r.ClienteRepositoryJdbcImpl        : findPoblaciones(provincia=null) -> 5 poblaciones
2026-09-15T10:41:24.057+02:00  INFO 25488 --- [facturacion360] [http-nio-8080-exec-1] e.x.f.service.ClienteServiceImpl         : listarProvincias() -> 5 provincias
2026-09-15T10:41:24.057+02:00  INFO 25488 --- [facturacion360] [http-nio-8080-exec-3] e.x.f.service.ClienteServiceImpl         : listarPoblaciones(provincia=null) -> 5 poblaciones
2026-09-15T10:41:24.058+02:00 DEBUG 25488 --- [facturacion360] [http-nio-8080-exec-2] o.s.jdbc.core.JdbcTemplate               : Executing prepared SQL query
2026-09-15T10:41:24.058+02:00 DEBUG 25488 --- [facturacion360] [http-nio-8080-exec-2] o.s.jdbc.core.JdbcTemplate               : Executing prepared SQL statement [SELECT idcliente, nombre, nif_cif, direccion, codigopostal, poblacion, provincia, telefono, email, fecha_alta FROM clientes ORDER BY fecha_alta IS NULL, fecha_alta DESC, idcliente DESC LIMIT ? OFFSET ?]
2026-09-15T10:41:24.059+02:00 DEBUG 25488 --- [facturacion360] [http-nio-8080-exec-2] e.x.f.r.ClienteRepositoryJdbcImpl        : findPagina(CriteriosCliente[pagina=0, tamano=10, busqueda=null, provincia=null, poblacion=null, ordenarPor=fecha_alta, direccion=desc]) -> 5 filas
2026-09-15T10:41:24.059+02:00 DEBUG 25488 --- [facturacion360] [http-nio-8080-exec-2] o.s.jdbc.core.JdbcTemplate               : Executing prepared SQL query
2026-09-15T10:41:24.059+02:00 DEBUG 25488 --- [facturacion360] [http-nio-8080-exec-2] o.s.jdbc.core.JdbcTemplate               : Executing prepared SQL statement [SELECT COUNT(*) FROM clientes]
2026-09-15T10:41:24.060+02:00  INFO 25488 --- [facturacion360] [http-nio-8080-exec-2] e.x.f.service.ClienteServiceImpl         : listarPagina(CriteriosCliente[pagina=0, tamano=10, busqueda=null, provincia=null, poblacion=null, ordenarPor=fecha_alta, direccion=desc]) -> pagina 1/1, 5 elementos
2026-09-15T10:41:36.185+02:00  INFO 25488 --- [facturacion360] [http-nio-8080-exec-10] e.x.f.controller.ClienteController       : GET /cliente/listar-ultimos?limite=100 (acotado a 100)
2026-09-15T10:41:36.185+02:00 DEBUG 25488 --- [facturacion360] [http-nio-8080-exec-5] o.s.jdbc.core.JdbcTemplate               : Executing SQL query [SELECT f.idfactura, f.idcliente, c.nombre AS nombre_cliente, f.num_factura, f.fecha_emision, f.estado, f.observaciones, f.subtotal, f.importe_iva, f.total FROM facturas f INNER JOIN clientes c ON f.idcliente = c.idcliente ORDER BY f.fecha_emision DESC, f.idfactura DESC]
2026-09-15T10:41:36.185+02:00 DEBUG 25488 --- [facturacion360] [http-nio-8080-exec-10] o.s.jdbc.core.JdbcTemplate               : Executing prepared SQL query
2026-09-15T10:41:36.185+02:00 DEBUG 25488 --- [facturacion360] [http-nio-8080-exec-10] o.s.jdbc.core.JdbcTemplate               : Executing prepared SQL statement [SELECT idcliente, nombre, nif_cif, direccion, codigopostal, poblacion, provincia, telefono, email, fecha_alta FROM clientes ORDER BY idcliente DESC LIMIT ?]
2026-09-15T10:41:36.187+02:00 DEBUG 25488 --- [facturacion360] [http-nio-8080-exec-10] e.x.f.r.ClienteRepositoryJdbcImpl        : findUltimos(100) -> 5 filas
2026-09-15T10:41:36.187+02:00  INFO 25488 --- [facturacion360] [http-nio-8080-exec-10] e.x.f.service.ClienteServiceImpl         : listarUltimos(100) -> 5 clientes
2026-09-15T10:41:36.187+02:00 DEBUG 25488 --- [facturacion360] [http-nio-8080-exec-5] e.x.f.r.FacturaRepositoryJdbcImpl        : buscar() devuelve 8 facturas
2026-09-15T10:41:36.187+02:00  INFO 25488 --- [facturacion360] [http-nio-8080-exec-10] e.x.f.controller.ClienteController       : listar-ultimos devuelve 5 clientes
2026-09-15T10:50:40.863+02:00  INFO 25488 --- [facturacion360] [http-nio-8080-exec-5] e.x.f.controller.ClienteController       : GET /cliente/poblaciones?provincia=null
2026-09-15T10:50:40.863+02:00  INFO 25488 --- [facturacion360] [http-nio-8080-exec-10] e.x.f.controller.ClienteController       : GET /cliente/provincias
2026-09-15T10:50:40.863+02:00 DEBUG 25488 --- [facturacion360] [http-nio-8080-exec-10] o.s.jdbc.core.JdbcTemplate               : Executing SQL query [SELECT DISTINCT provincia FROM clientes WHERE provincia IS NOT NULL AND provincia <> '' ORDER BY provincia]
2026-09-15T10:50:40.863+02:00 DEBUG 25488 --- [facturacion360] [http-nio-8080-exec-5] o.s.jdbc.core.JdbcTemplate               : Executing prepared SQL query
2026-09-15T10:50:40.863+02:00 DEBUG 25488 --- [facturacion360] [http-nio-8080-exec-5] o.s.jdbc.core.JdbcTemplate               : Executing prepared SQL statement [SELECT DISTINCT poblacion FROM clientes WHERE poblacion IS NOT NULL AND poblacion <> '' ORDER BY poblacion]
2026-09-15T10:50:40.864+02:00  INFO 25488 --- [facturacion360] [http-nio-8080-exec-6] e.x.f.controller.ClienteController       : GET /cliente/listar-pagina -> CriteriosCliente[pagina=0, tamano=10, busqueda=null, provincia=null, poblacion=null, ordenarPor=fecha_alta, direccion=desc]
2026-09-15T10:50:40.865+02:00 DEBUG 25488 --- [facturacion360] [http-nio-8080-exec-10] e.x.f.r.ClienteRepositoryJdbcImpl        : findProvincias() -> 5 provincias
2026-09-15T10:50:40.865+02:00 DEBUG 25488 --- [facturacion360] [http-nio-8080-exec-5] e.x.f.r.ClienteRepositoryJdbcImpl        : findPoblaciones(provincia=null) -> 5 poblaciones
2026-09-15T10:50:40.865+02:00  INFO 25488 --- [facturacion360] [http-nio-8080-exec-10] e.x.f.service.ClienteServiceImpl         : listarProvincias() -> 5 provincias
2026-09-15T10:50:40.865+02:00  INFO 25488 --- [facturacion360] [http-nio-8080-exec-5] e.x.f.service.ClienteServiceImpl         : listarPoblaciones(provincia=null) -> 5 poblaciones
2026-09-15T10:50:40.865+02:00 DEBUG 25488 --- [facturacion360] [http-nio-8080-exec-6] o.s.jdbc.core.JdbcTemplate               : Executing prepared SQL query
2026-09-15T10:50:40.865+02:00 DEBUG 25488 --- [facturacion360] [http-nio-8080-exec-6] o.s.jdbc.core.JdbcTemplate               : Executing prepared SQL statement [SELECT idcliente, nombre, nif_cif, direccion, codigopostal, poblacion, provincia, telefono, email, fecha_alta FROM clientes ORDER BY fecha_alta IS NULL, fecha_alta DESC, idcliente DESC LIMIT ? OFFSET ?]
2026-09-15T10:50:40.866+02:00 DEBUG 25488 --- [facturacion360] [http-nio-8080-exec-6] e.x.f.r.ClienteRepositoryJdbcImpl        : findPagina(CriteriosCliente[pagina=0, tamano=10, busqueda=null, provincia=null, poblacion=null, ordenarPor=fecha_alta, direccion=desc]) -> 5 filas
2026-09-15T10:50:40.866+02:00 DEBUG 25488 --- [facturacion360] [http-nio-8080-exec-6] o.s.jdbc.core.JdbcTemplate               : Executing prepared SQL query
2026-09-15T10:50:40.866+02:00 DEBUG 25488 --- [facturacion360] [http-nio-8080-exec-6] o.s.jdbc.core.JdbcTemplate               : Executing prepared SQL statement [SELECT COUNT(*) FROM clientes]
2026-09-15T10:50:40.867+02:00  INFO 25488 --- [facturacion360] [http-nio-8080-exec-6] e.x.f.service.ClienteServiceImpl         : listarPagina(CriteriosCliente[pagina=0, tamano=10, busqueda=null, provincia=null, poblacion=null, ordenarPor=fecha_alta, direccion=desc]) -> pagina 1/1, 5 elementos
2026-09-15T11:00:00.454+02:00  INFO 23792 --- [facturacion360] [restartedMain] e.x.f.Facturacion360Application          : Starting Facturacion360Application using Java 21.0.10 with PID 23792 (C:\Users\UsuarioM.XTALENTO121.000\git\FACTURACION2\facturacion360\target\classes started by UsuarioM in C:\Users\UsuarioM.XTALENTO121.000\git\FACTURACION2\facturacion360)
2026-09-15T11:00:00.456+02:00 DEBUG 23792 --- [facturacion360] [restartedMain] e.x.f.Facturacion360Application          : Running with Spring Boot v4.1.0, Spring v7.0.8
2026-09-15T11:00:00.456+02:00  INFO 23792 --- [facturacion360] [restartedMain] e.x.f.Facturacion360Application          : No active profile set, falling back to 1 default profile: "default"
2026-09-15T11:00:00.482+02:00  INFO 23792 --- [facturacion360] [restartedMain] .e.DevToolsPropertyDefaultsPostProcessor : Devtools property defaults active! Set 'spring.devtools.add-properties' to 'false' to disable
2026-09-15T11:00:00.482+02:00  INFO 23792 --- [facturacion360] [restartedMain] .e.DevToolsPropertyDefaultsPostProcessor : For additional web related logging consider setting the 'logging.level.web' property to 'DEBUG'
2026-09-15T11:00:01.110+02:00  INFO 23792 --- [facturacion360] [restartedMain] o.s.boot.tomcat.TomcatWebServer          : Tomcat initialized with port 8080 (http)
2026-09-15T11:00:01.119+02:00  INFO 23792 --- [facturacion360] [restartedMain] o.apache.catalina.core.StandardService   : Starting service [Tomcat]
2026-09-15T11:00:01.120+02:00  INFO 23792 --- [facturacion360] [restartedMain] o.apache.catalina.core.StandardEngine    : Starting Servlet engine: [Apache Tomcat/11.0.22]
2026-09-15T11:00:01.147+02:00  INFO 23792 --- [facturacion360] [restartedMain] b.w.c.s.WebApplicationContextInitializer : Root WebApplicationContext: initialization completed in 664 ms
2026-09-15T11:00:01.336+02:00  INFO 23792 --- [facturacion360] [restartedMain] o.s.b.w.a.WelcomePageHandlerMapping      : Adding welcome page: class path resource [static/index.html]
2026-09-15T11:00:01.559+02:00  WARN 23792 --- [facturacion360] [restartedMain] ConfigServletWebServerApplicationContext : Exception encountered during context initialization - cancelling refresh attempt: org.springframework.context.ApplicationContextException: Failed to start bean 'webServerStartStop'
2026-09-15T11:00:01.571+02:00  INFO 23792 --- [facturacion360] [restartedMain] .s.b.a.l.ConditionEvaluationReportLogger : 

Error starting ApplicationContext. To display the condition evaluation report re-run your application with 'debug' enabled.
2026-09-15T11:00:01.580+02:00 ERROR 23792 --- [facturacion360] [restartedMain] o.s.b.d.LoggingFailureAnalysisReporter   : 

***************************
APPLICATION FAILED TO START
***************************

Description:

Web server failed to start. Port 8080 was already in use.

Action:

Identify and stop the process that's listening on port 8080 or configure this application to listen on another port.

2026-09-15T11:00:58.101+02:00  INFO 14952 --- [facturacion360] [restartedMain] e.x.f.Facturacion360Application          : Starting Facturacion360Application using Java 21.0.10 with PID 14952 (C:\Users\UsuarioM.XTALENTO121.000\git\FACTURACION2\facturacion360\target\classes started by UsuarioM in C:\Users\UsuarioM.XTALENTO121.000\git\FACTURACION2\facturacion360)
2026-09-15T11:00:58.102+02:00 DEBUG 14952 --- [facturacion360] [restartedMain] e.x.f.Facturacion360Application          : Running with Spring Boot v4.1.0, Spring v7.0.8
2026-09-15T11:00:58.103+02:00  INFO 14952 --- [facturacion360] [restartedMain] e.x.f.Facturacion360Application          : No active profile set, falling back to 1 default profile: "default"
2026-09-15T11:00:58.130+02:00  INFO 14952 --- [facturacion360] [restartedMain] .e.DevToolsPropertyDefaultsPostProcessor : Devtools property defaults active! Set 'spring.devtools.add-properties' to 'false' to disable
2026-09-15T11:00:58.130+02:00  INFO 14952 --- [facturacion360] [restartedMain] .e.DevToolsPropertyDefaultsPostProcessor : For additional web related logging consider setting the 'logging.level.web' property to 'DEBUG'
2026-09-15T11:00:58.800+02:00  INFO 14952 --- [facturacion360] [restartedMain] o.s.boot.tomcat.TomcatWebServer          : Tomcat initialized with port 8080 (http)
2026-09-15T11:00:58.810+02:00  INFO 14952 --- [facturacion360] [restartedMain] o.apache.catalina.core.StandardService   : Starting service [Tomcat]
2026-09-15T11:00:58.810+02:00  INFO 14952 --- [facturacion360] [restartedMain] o.apache.catalina.core.StandardEngine    : Starting Servlet engine: [Apache Tomcat/11.0.22]
2026-09-15T11:00:58.840+02:00  INFO 14952 --- [facturacion360] [restartedMain] b.w.c.s.WebApplicationContextInitializer : Root WebApplicationContext: initialization completed in 710 ms
2026-09-15T11:00:59.036+02:00  INFO 14952 --- [facturacion360] [restartedMain] o.s.b.w.a.WelcomePageHandlerMapping      : Adding welcome page: class path resource [static/index.html]
2026-09-15T11:00:59.280+02:00  WARN 14952 --- [facturacion360] [restartedMain] ConfigServletWebServerApplicationContext : Exception encountered during context initialization - cancelling refresh attempt: org.springframework.context.ApplicationContextException: Failed to start bean 'webServerStartStop'
2026-09-15T11:00:59.291+02:00  INFO 14952 --- [facturacion360] [restartedMain] .s.b.a.l.ConditionEvaluationReportLogger : 

Error starting ApplicationContext. To display the condition evaluation report re-run your application with 'debug' enabled.
2026-09-15T11:00:59.301+02:00 ERROR 14952 --- [facturacion360] [restartedMain] o.s.b.d.LoggingFailureAnalysisReporter   : 

***************************
APPLICATION FAILED TO START
***************************

Description:

Web server failed to start. Port 8080 was already in use.

Action:

Identify and stop the process that's listening on port 8080 or configure this application to listen on another port.

2026-09-15T11:05:18.137+02:00  INFO 25488 --- [facturacion360] [File Watcher] rtingClassPathChangeChangedEventListener : Restarting due to 44 class path changes (21 additions, 1 deletion, 22 modifications)
2026-09-15T11:05:18.138+02:00  INFO 25488 --- [facturacion360] [Thread-17] o.s.boot.tomcat.GracefulShutdown         : Commencing graceful shutdown. Waiting for active requests to complete
2026-09-15T11:05:18.141+02:00  INFO 25488 --- [facturacion360] [tomcat-shutdown] o.s.boot.tomcat.GracefulShutdown         : Graceful shutdown complete
2026-09-15T11:05:18.143+02:00  INFO 25488 --- [facturacion360] [Thread-17] com.zaxxer.hikari.HikariDataSource       : HikariPool-2 - Shutdown initiated...
2026-09-15T11:05:18.144+02:00  INFO 25488 --- [facturacion360] [Thread-17] com.zaxxer.hikari.HikariDataSource       : HikariPool-2 - Shutdown completed.
